Component: Arm Compiler for Embedded 6.22 Tool: armlink [5ee90200]

==============================================================================

Section Cross References

    startup.o(RESET) refers to startup.o(STACK) for StackMem
    startup.o(RESET) refers to weatheranimations.o(.text.GPIOPortF_Handler) for GPIOPortF_Handler
    startup.o(RESET) refers to entry.o(.ARM.Collect$$$$00000000) for __main
    pll.o(.ARM.exidx.text.PLL_Init) refers to pll.o(.text.PLL_Init) for [Anonymous Symbol]
    st7735.o(.ARM.exidx.text.Delay1ms) refers to st7735.o(.text.Delay1ms) for [Anonymous Symbol]
    st7735.o(.text.ST7735_InitB) refers to st7735.o(.rodata.Bcmd) for Bcmd
    st7735.o(.text.ST7735_InitB) refers to st7735.o(.text.commonInit) for commonInit
    st7735.o(.text.ST7735_InitB) refers to st7735.o(.bss.StX) for StX
    st7735.o(.text.ST7735_InitB) refers to st7735.o(.bss.StY) for StY
    st7735.o(.text.ST7735_InitB) refers to st7735.o(.data.StTextColor) for StTextColor
    st7735.o(.text.ST7735_InitB) refers to st7735.o(.bss._width) for _width
    st7735.o(.text.ST7735_InitB) refers to st7735.o(.bss._height) for _height
    st7735.o(.text.ST7735_InitB) refers to st7735.o(.text.setAddrWindow) for setAddrWindow
    st7735.o(.ARM.exidx.text.ST7735_InitB) refers to st7735.o(.text.ST7735_InitB) for [Anonymous Symbol]
    st7735.o(.text.commonInit) refers to st7735.o(.bss.RowStart) for RowStart
    st7735.o(.text.commonInit) refers to st7735.o(.bss.ColStart) for ColStart
    st7735.o(.text.commonInit) refers to st7735.o(.text.commandList) for commandList
    st7735.o(.ARM.exidx.text.commonInit) refers to st7735.o(.text.commonInit) for [Anonymous Symbol]
    st7735.o(.text.ST7735_SetCursor) refers to st7735.o(.bss.StX) for StX
    st7735.o(.text.ST7735_SetCursor) refers to st7735.o(.bss.StY) for StY
    st7735.o(.ARM.exidx.text.ST7735_SetCursor) refers to st7735.o(.text.ST7735_SetCursor) for [Anonymous Symbol]
    st7735.o(.text.ST7735_FillScreen) refers to st7735.o(.bss._width) for _width
    st7735.o(.text.ST7735_FillScreen) refers to st7735.o(.bss._height) for _height
    st7735.o(.text.ST7735_FillScreen) refers to st7735.o(.text.setAddrWindow) for setAddrWindow
    st7735.o(.ARM.exidx.text.ST7735_FillScreen) refers to st7735.o(.text.ST7735_FillScreen) for [Anonymous Symbol]
    st7735.o(.text.ST7735_InitR) refers to st7735.o(.rodata.Rcmd1) for Rcmd1
    st7735.o(.text.ST7735_InitR) refers to st7735.o(.text.commonInit) for commonInit
    st7735.o(.text.ST7735_InitR) refers to st7735.o(.rodata.Rcmd2green) for Rcmd2green
    st7735.o(.text.ST7735_InitR) refers to st7735.o(.text.commandList) for commandList
    st7735.o(.text.ST7735_InitR) refers to st7735.o(.bss.ColStart) for ColStart
    st7735.o(.text.ST7735_InitR) refers to st7735.o(.bss.RowStart) for RowStart
    st7735.o(.text.ST7735_InitR) refers to st7735.o(.rodata.Rcmd2red) for Rcmd2red
    st7735.o(.text.ST7735_InitR) refers to st7735.o(.rodata.Rcmd3) for Rcmd3
    st7735.o(.text.ST7735_InitR) refers to st7735.o(.bss.TabColor) for TabColor
    st7735.o(.text.ST7735_InitR) refers to st7735.o(.bss.StX) for StX
    st7735.o(.text.ST7735_InitR) refers to st7735.o(.bss.StY) for StY
    st7735.o(.text.ST7735_InitR) refers to st7735.o(.data.StTextColor) for StTextColor
    st7735.o(.text.ST7735_InitR) refers to st7735.o(.bss._width) for _width
    st7735.o(.text.ST7735_InitR) refers to st7735.o(.bss._height) for _height
    st7735.o(.text.ST7735_InitR) refers to st7735.o(.text.setAddrWindow) for setAddrWindow
    st7735.o(.ARM.exidx.text.ST7735_InitR) refers to st7735.o(.text.ST7735_InitR) for [Anonymous Symbol]
    st7735.o(.ARM.exidx.text.commandList) refers to st7735.o(.text.commandList) for [Anonymous Symbol]
    st7735.o(.text.ST7735_DrawPixel) refers to st7735.o(.bss._width) for _width
    st7735.o(.text.ST7735_DrawPixel) refers to st7735.o(.bss._height) for _height
    st7735.o(.text.ST7735_DrawPixel) refers to st7735.o(.text.setAddrWindow) for setAddrWindow
    st7735.o(.ARM.exidx.text.ST7735_DrawPixel) refers to st7735.o(.text.ST7735_DrawPixel) for [Anonymous Symbol]
    st7735.o(.text.setAddrWindow) refers to st7735.o(.bss.ColStart) for ColStart
    st7735.o(.text.setAddrWindow) refers to st7735.o(.bss.RowStart) for RowStart
    st7735.o(.ARM.exidx.text.setAddrWindow) refers to st7735.o(.text.setAddrWindow) for [Anonymous Symbol]
    st7735.o(.text.ST7735_DrawCircle) refers to st7735.o(.bss._width) for _width
    st7735.o(.text.ST7735_DrawCircle) refers to st7735.o(.bss._height) for _height
    st7735.o(.text.ST7735_DrawCircle) refers to st7735.o(.text.setAddrWindow) for setAddrWindow
    st7735.o(.ARM.exidx.text.ST7735_DrawCircle) refers to st7735.o(.text.ST7735_DrawCircle) for [Anonymous Symbol]
    st7735.o(.text.ST7735_FillCircle) refers to st7735.o(.bss._width) for _width
    st7735.o(.text.ST7735_FillCircle) refers to st7735.o(.bss._height) for _height
    st7735.o(.text.ST7735_FillCircle) refers to st7735.o(.text.setAddrWindow) for setAddrWindow
    st7735.o(.ARM.exidx.text.ST7735_FillCircle) refers to st7735.o(.text.ST7735_FillCircle) for [Anonymous Symbol]
    st7735.o(.text.ST7735_DrawFastVLine) refers to st7735.o(.bss._width) for _width
    st7735.o(.text.ST7735_DrawFastVLine) refers to st7735.o(.bss._height) for _height
    st7735.o(.text.ST7735_DrawFastVLine) refers to st7735.o(.text.setAddrWindow) for setAddrWindow
    st7735.o(.ARM.exidx.text.ST7735_DrawFastVLine) refers to st7735.o(.text.ST7735_DrawFastVLine) for [Anonymous Symbol]
    st7735.o(.text.ST7735_DrawLine) refers to st7735.o(.bss._width) for _width
    st7735.o(.text.ST7735_DrawLine) refers to st7735.o(.bss._height) for _height
    st7735.o(.text.ST7735_DrawLine) refers to st7735.o(.text.setAddrWindow) for setAddrWindow
    st7735.o(.ARM.exidx.text.ST7735_DrawLine) refers to st7735.o(.text.ST7735_DrawLine) for [Anonymous Symbol]
    st7735.o(.text.ST7735_DrawFastHLine) refers to st7735.o(.bss._width) for _width
    st7735.o(.text.ST7735_DrawFastHLine) refers to st7735.o(.bss._height) for _height
    st7735.o(.text.ST7735_DrawFastHLine) refers to st7735.o(.text.setAddrWindow) for setAddrWindow
    st7735.o(.ARM.exidx.text.ST7735_DrawFastHLine) refers to st7735.o(.text.ST7735_DrawFastHLine) for [Anonymous Symbol]
    st7735.o(.text.ST7735_FillRect) refers to st7735.o(.bss._width) for _width
    st7735.o(.text.ST7735_FillRect) refers to st7735.o(.bss._height) for _height
    st7735.o(.text.ST7735_FillRect) refers to st7735.o(.text.setAddrWindow) for setAddrWindow
    st7735.o(.ARM.exidx.text.ST7735_FillRect) refers to st7735.o(.text.ST7735_FillRect) for [Anonymous Symbol]
    st7735.o(.ARM.exidx.text.ST7735_Color565) refers to st7735.o(.text.ST7735_Color565) for [Anonymous Symbol]
    st7735.o(.ARM.exidx.text.ST7735_SwapColor) refers to st7735.o(.text.ST7735_SwapColor) for [Anonymous Symbol]
    st7735.o(.text.ST7735_DrawBitmap) refers to st7735.o(.bss._width) for _width
    st7735.o(.text.ST7735_DrawBitmap) refers to st7735.o(.bss._height) for _height
    st7735.o(.text.ST7735_DrawBitmap) refers to st7735.o(.text.setAddrWindow) for setAddrWindow
    st7735.o(.ARM.exidx.text.ST7735_DrawBitmap) refers to st7735.o(.text.ST7735_DrawBitmap) for [Anonymous Symbol]
    st7735.o(.text.ST7735_DrawCharS) refers to st7735.o(.bss._width) for _width
    st7735.o(.text.ST7735_DrawCharS) refers to st7735.o(.bss._height) for _height
    st7735.o(.text.ST7735_DrawCharS) refers to st7735.o(.data.currentFont) for currentFont
    st7735.o(.text.ST7735_DrawCharS) refers to st7735.o(.text.ST7735_FillRect) for ST7735_FillRect
    st7735.o(.text.ST7735_DrawCharS) refers to st7735.o(.text.setAddrWindow) for setAddrWindow
    st7735.o(.ARM.exidx.text.ST7735_DrawCharS) refers to st7735.o(.text.ST7735_DrawCharS) for [Anonymous Symbol]
    st7735.o(.text.ST7735_DrawChar) refers to st7735.o(.bss._width) for _width
    st7735.o(.text.ST7735_DrawChar) refers to st7735.o(.bss._height) for _height
    st7735.o(.text.ST7735_DrawChar) refers to st7735.o(.text.setAddrWindow) for setAddrWindow
    st7735.o(.text.ST7735_DrawChar) refers to st7735.o(.rodata.Font) for Font
    st7735.o(.ARM.exidx.text.ST7735_DrawChar) refers to st7735.o(.text.ST7735_DrawChar) for [Anonymous Symbol]
    st7735.o(.text.ST7735_DrawString) refers to st7735.o(.text.ST7735_DrawCharS) for ST7735_DrawCharS
    st7735.o(.ARM.exidx.text.ST7735_DrawString) refers to st7735.o(.text.ST7735_DrawString) for [Anonymous Symbol]
    st7735.o(.text.fillmessage) refers to st7735.o(.bss.Messageindex) for Messageindex
    st7735.o(.text.fillmessage) refers to st7735.o(.bss.Message) for Message
    st7735.o(.ARM.exidx.text.fillmessage) refers to st7735.o(.text.fillmessage) for [Anonymous Symbol]
    st7735.o(.text.ST7735_OutUDec) refers to st7735.o(.bss.Messageindex) for Messageindex
    st7735.o(.text.ST7735_OutUDec) refers to st7735.o(.text.fillmessage) for fillmessage
    st7735.o(.text.ST7735_OutUDec) refers to st7735.o(.bss.StY) for StY
    st7735.o(.text.ST7735_OutUDec) refers to st7735.o(.bss.Message) for Message
    st7735.o(.text.ST7735_OutUDec) refers to st7735.o(.bss.StX) for StX
    st7735.o(.text.ST7735_OutUDec) refers to st7735.o(.data.StTextColor) for StTextColor
    st7735.o(.text.ST7735_OutUDec) refers to st7735.o(.text.ST7735_DrawCharS) for ST7735_DrawCharS
    st7735.o(.ARM.exidx.text.ST7735_OutUDec) refers to st7735.o(.text.ST7735_OutUDec) for [Anonymous Symbol]
    st7735.o(.text.ST7735_SetRotation) refers to st7735.o(.bss.TabColor) for TabColor
    st7735.o(.text.ST7735_SetRotation) refers to st7735.o(.bss._width) for _width
    st7735.o(.text.ST7735_SetRotation) refers to st7735.o(.bss._height) for _height
    st7735.o(.ARM.exidx.text.ST7735_SetRotation) refers to st7735.o(.text.ST7735_SetRotation) for [Anonymous Symbol]
    st7735.o(.ARM.exidx.text.ST7735_InvertDisplay) refers to st7735.o(.text.ST7735_InvertDisplay) for [Anonymous Symbol]
    st7735.o(.text.ST7735_PlotClear) refers to st7735.o(.bss._height) for _height
    st7735.o(.text.ST7735_PlotClear) refers to st7735.o(.text.setAddrWindow) for setAddrWindow
    st7735.o(.text.ST7735_PlotClear) refers to st7735.o(.bss.Ymax) for Ymax
    st7735.o(.text.ST7735_PlotClear) refers to st7735.o(.bss.Ymin) for Ymin
    st7735.o(.text.ST7735_PlotClear) refers to st7735.o(.bss.Yrange) for Yrange
    st7735.o(.text.ST7735_PlotClear) refers to st7735.o(.bss.X) for X
    st7735.o(.ARM.exidx.text.ST7735_PlotClear) refers to st7735.o(.text.ST7735_PlotClear) for [Anonymous Symbol]
    st7735.o(.text.ST7735_PlotPoint) refers to st7735.o(.bss.Ymin) for Ymin
    st7735.o(.text.ST7735_PlotPoint) refers to st7735.o(.bss.Ymax) for Ymax
    st7735.o(.text.ST7735_PlotPoint) refers to st7735.o(.bss.Yrange) for Yrange
    st7735.o(.text.ST7735_PlotPoint) refers to st7735.o(.bss.X) for X
    st7735.o(.text.ST7735_PlotPoint) refers to st7735.o(.bss._width) for _width
    st7735.o(.text.ST7735_PlotPoint) refers to st7735.o(.bss._height) for _height
    st7735.o(.text.ST7735_PlotPoint) refers to st7735.o(.text.setAddrWindow) for setAddrWindow
    st7735.o(.ARM.exidx.text.ST7735_PlotPoint) refers to st7735.o(.text.ST7735_PlotPoint) for [Anonymous Symbol]
    st7735.o(.text.ST7735_PlotLine) refers to st7735.o(.bss.Ymin) for Ymin
    st7735.o(.text.ST7735_PlotLine) refers to st7735.o(.bss.Ymax) for Ymax
    st7735.o(.text.ST7735_PlotLine) refers to st7735.o(.bss.Yrange) for Yrange
    st7735.o(.text.ST7735_PlotLine) refers to st7735.o(.bss.lastj) for lastj
    st7735.o(.text.ST7735_PlotLine) refers to st7735.o(.bss.X) for X
    st7735.o(.text.ST7735_PlotLine) refers to st7735.o(.bss._width) for _width
    st7735.o(.text.ST7735_PlotLine) refers to st7735.o(.bss._height) for _height
    st7735.o(.text.ST7735_PlotLine) refers to st7735.o(.text.setAddrWindow) for setAddrWindow
    st7735.o(.ARM.exidx.text.ST7735_PlotLine) refers to st7735.o(.text.ST7735_PlotLine) for [Anonymous Symbol]
    st7735.o(.text.ST7735_PlotPoints) refers to st7735.o(.bss.Ymin) for Ymin
    st7735.o(.text.ST7735_PlotPoints) refers to st7735.o(.bss.Ymax) for Ymax
    st7735.o(.text.ST7735_PlotPoints) refers to st7735.o(.bss.Yrange) for Yrange
    st7735.o(.text.ST7735_PlotPoints) refers to st7735.o(.bss.X) for X
    st7735.o(.text.ST7735_PlotPoints) refers to st7735.o(.bss._width) for _width
    st7735.o(.text.ST7735_PlotPoints) refers to st7735.o(.bss._height) for _height
    st7735.o(.text.ST7735_PlotPoints) refers to st7735.o(.text.setAddrWindow) for setAddrWindow
    st7735.o(.ARM.exidx.text.ST7735_PlotPoints) refers to st7735.o(.text.ST7735_PlotPoints) for [Anonymous Symbol]
    st7735.o(.text.ST7735_PlotBar) refers to st7735.o(.bss.Ymin) for Ymin
    st7735.o(.text.ST7735_PlotBar) refers to st7735.o(.bss.Ymax) for Ymax
    st7735.o(.text.ST7735_PlotBar) refers to st7735.o(.bss.X) for X
    st7735.o(.text.ST7735_PlotBar) refers to st7735.o(.bss._width) for _width
    st7735.o(.text.ST7735_PlotBar) refers to st7735.o(.bss.Yrange) for Yrange
    st7735.o(.text.ST7735_PlotBar) refers to st7735.o(.bss._height) for _height
    st7735.o(.text.ST7735_PlotBar) refers to st7735.o(.text.setAddrWindow) for setAddrWindow
    st7735.o(.ARM.exidx.text.ST7735_PlotBar) refers to st7735.o(.text.ST7735_PlotBar) for [Anonymous Symbol]
    st7735.o(.text.ST7735_PlotdBfs) refers to st7735.o(.bss.X) for X
    st7735.o(.text.ST7735_PlotdBfs) refers to st7735.o(.bss._width) for _width
    st7735.o(.text.ST7735_PlotdBfs) refers to st7735.o(.rodata.dBfs) for dBfs
    st7735.o(.text.ST7735_PlotdBfs) refers to st7735.o(.bss._height) for _height
    st7735.o(.text.ST7735_PlotdBfs) refers to st7735.o(.text.setAddrWindow) for setAddrWindow
    st7735.o(.ARM.exidx.text.ST7735_PlotdBfs) refers to st7735.o(.text.ST7735_PlotdBfs) for [Anonymous Symbol]
    st7735.o(.text.ST7735_PlotNext) refers to st7735.o(.bss.X) for X
    st7735.o(.ARM.exidx.text.ST7735_PlotNext) refers to st7735.o(.text.ST7735_PlotNext) for [Anonymous Symbol]
    st7735.o(.text.ST7735_PlotNextErase) refers to st7735.o(.bss.X) for X
    st7735.o(.text.ST7735_PlotNextErase) refers to st7735.o(.bss._width) for _width
    st7735.o(.text.ST7735_PlotNextErase) refers to st7735.o(.bss._height) for _height
    st7735.o(.text.ST7735_PlotNextErase) refers to st7735.o(.text.setAddrWindow) for setAddrWindow
    st7735.o(.ARM.exidx.text.ST7735_PlotNextErase) refers to st7735.o(.text.ST7735_PlotNextErase) for [Anonymous Symbol]
    st7735.o(.text.ST7735_OutChar) refers to st7735.o(.bss.StY) for StY
    st7735.o(.text.ST7735_OutChar) refers to st7735.o(.bss.StX) for StX
    st7735.o(.text.ST7735_OutChar) refers to st7735.o(.data.StTextColor) for StTextColor
    st7735.o(.text.ST7735_OutChar) refers to st7735.o(.text.ST7735_DrawCharS) for ST7735_DrawCharS
    st7735.o(.text.ST7735_OutChar) refers to st7735.o(.rodata.str1.1) for .L.str
    st7735.o(.ARM.exidx.text.ST7735_OutChar) refers to st7735.o(.text.ST7735_OutChar) for [Anonymous Symbol]
    st7735.o(.text.ST7735_OutString) refers to st7735.o(.text.ST7735_OutChar) for ST7735_OutChar
    st7735.o(.ARM.exidx.text.ST7735_OutString) refers to st7735.o(.text.ST7735_OutString) for [Anonymous Symbol]
    st7735.o(.text.ST7735_SetTextColor) refers to st7735.o(.data.StTextColor) for StTextColor
    st7735.o(.ARM.exidx.text.ST7735_SetTextColor) refers to st7735.o(.text.ST7735_SetTextColor) for [Anonymous Symbol]
    st7735.o(.text.fputc) refers to st7735.o(.text.ST7735_OutChar) for ST7735_OutChar
    st7735.o(.ARM.exidx.text.fputc) refers to st7735.o(.text.fputc) for [Anonymous Symbol]
    st7735.o(.ARM.exidx.text.fgetc) refers to st7735.o(.text.fgetc) for [Anonymous Symbol]
    st7735.o(.ARM.exidx.text.ferror) refers to st7735.o(.text.ferror) for [Anonymous Symbol]
    st7735.o(.text.Output_Init) refers to st7735.o(.text.ST7735_InitR) for ST7735_InitR
    st7735.o(.text.Output_Init) refers to st7735.o(.bss._width) for _width
    st7735.o(.text.Output_Init) refers to st7735.o(.bss._height) for _height
    st7735.o(.text.Output_Init) refers to st7735.o(.text.setAddrWindow) for setAddrWindow
    st7735.o(.ARM.exidx.text.Output_Init) refers to st7735.o(.text.Output_Init) for [Anonymous Symbol]
    st7735.o(.text.Output_Clear) refers to st7735.o(.bss._width) for _width
    st7735.o(.text.Output_Clear) refers to st7735.o(.bss._height) for _height
    st7735.o(.text.Output_Clear) refers to st7735.o(.text.setAddrWindow) for setAddrWindow
    st7735.o(.ARM.exidx.text.Output_Clear) refers to st7735.o(.text.Output_Clear) for [Anonymous Symbol]
    st7735.o(.text.Output_Off) refers to st7735.o(.bss._width) for _width
    st7735.o(.text.Output_Off) refers to st7735.o(.bss._height) for _height
    st7735.o(.text.Output_Off) refers to st7735.o(.text.setAddrWindow) for setAddrWindow
    st7735.o(.ARM.exidx.text.Output_Off) refers to st7735.o(.text.Output_Off) for [Anonymous Symbol]
    st7735.o(.text.Output_On) refers to st7735.o(.text.ST7735_InitR) for ST7735_InitR
    st7735.o(.text.Output_On) refers to st7735.o(.bss._width) for _width
    st7735.o(.text.Output_On) refers to st7735.o(.bss._height) for _height
    st7735.o(.text.Output_On) refers to st7735.o(.text.setAddrWindow) for setAddrWindow
    st7735.o(.ARM.exidx.text.Output_On) refers to st7735.o(.text.Output_On) for [Anonymous Symbol]
    st7735.o(.text.Output_Color) refers to st7735.o(.data.StTextColor) for StTextColor
    st7735.o(.ARM.exidx.text.Output_Color) refers to st7735.o(.text.Output_Color) for [Anonymous Symbol]
    st7735.o(.text.ST7735_SetFont) refers to st7735.o(.data.currentFont) for currentFont
    st7735.o(.ARM.exidx.text.ST7735_SetFont) refers to st7735.o(.text.ST7735_SetFont) for [Anonymous Symbol]
    st7735.o(.data.currentFont) refers to st7735.o(.rodata.Font) for Font
    weatheranimations.o(.text.main) refers to startup.o(.text) for DisableInterrupts
    weatheranimations.o(.text.main) refers to pll.o(.text.PLL_Init) for PLL_Init
    weatheranimations.o(.text.main) refers to systick.o(.text.SysTick_Init) for SysTick_Init
    weatheranimations.o(.text.main) refers to switch.o(.text.Switch_Init) for Switch_Init
    weatheranimations.o(.text.main) refers to st7735.o(.text.ST7735_InitR) for ST7735_InitR
    weatheranimations.o(.text.main) refers to weatheranimations.o(.text.UpdateWeather) for UpdateWeather
    weatheranimations.o(.text.main) refers to weatheranimations.o(.bss.frame) for frame
    weatheranimations.o(.text.main) refers to weatheranimations.o(.bss.currentWeather) for currentWeather
    weatheranimations.o(.text.main) refers to weatheranimations.o(.bss.isSwitchPressed) for isSwitchPressed
    weatheranimations.o(.text.main) refers to weatheranimations.o(.bss.weatherIndex) for weatherIndex
    weatheranimations.o(.text.main) refers to weatheranimations.o(.data.weatherWheelSize) for weatherWheelSize
    weatheranimations.o(.text.main) refers to weathericons.o(.text.WeatherIcon_Draw1) for WeatherIcon_Draw1
    weatheranimations.o(.text.main) refers to weathericons.o(.text.WeatherIcon_Draw2) for WeatherIcon_Draw2
    weatheranimations.o(.text.main) refers to systick.o(.text.Delay) for Delay
    weatheranimations.o(.ARM.exidx.text.main) refers to weatheranimations.o(.text.main) for [Anonymous Symbol]
    weatheranimations.o(.text.UpdateWeather) refers to weatheranimations.o(.bss.weatherIndex) for weatherIndex
    weatheranimations.o(.text.UpdateWeather) refers to st7735.o(.text.ST7735_FillScreen) for ST7735_FillScreen
    weatheranimations.o(.text.UpdateWeather) refers to weatheranimations.o(.bss.weatherCondition) for weatherCondition
    weatheranimations.o(.text.UpdateWeather) refers to st7735.o(.rodata.Font_Bold) for Font_Bold
    weatheranimations.o(.text.UpdateWeather) refers to st7735.o(.text.ST7735_SetFont) for ST7735_SetFont
    weatheranimations.o(.text.UpdateWeather) refers to st7735.o(.text.ST7735_DrawString) for ST7735_DrawString
    weatheranimations.o(.text.UpdateWeather) refers to st7735.o(.rodata.Font_Italic) for Font_Italic
    weatheranimations.o(.text.UpdateWeather) refers to st7735.o(.rodata.Font_Thin) for Font_Thin
    weatheranimations.o(.text.UpdateWeather) refers to st7735.o(.rodata.Font) for Font
    weatheranimations.o(.text.UpdateWeather) refers to weatheranimations.o(.bss.currentWeather) for currentWeather
    weatheranimations.o(.text.UpdateWeather) refers to weatheranimations.o(.bss.frame) for frame
    weatheranimations.o(.ARM.exidx.text.UpdateWeather) refers to weatheranimations.o(.text.UpdateWeather) for [Anonymous Symbol]
    weatheranimations.o(.text.GPIOPortF_Handler) refers to systick.o(.text.Delay) for Delay
    weatheranimations.o(.text.GPIOPortF_Handler) refers to weatheranimations.o(.bss.isSwitchPressed) for isSwitchPressed
    weatheranimations.o(.ARM.exidx.text.GPIOPortF_Handler) refers to weatheranimations.o(.text.GPIOPortF_Handler) for [Anonymous Symbol]
    weathericons.o(.text.WeatherIcon_Draw1) refers to st7735.o(.text.ST7735_DrawBitmap) for ST7735_DrawBitmap
    weathericons.o(.text.WeatherIcon_Draw1) refers to weathericons.o(.rodata.sun1) for sun1
    weathericons.o(.text.WeatherIcon_Draw1) refers to weathericons.o(.rodata.cloud1) for cloud1
    weathericons.o(.text.WeatherIcon_Draw1) refers to weathericons.o(.rodata.rain1) for rain1
    weathericons.o(.ARM.exidx.text.WeatherIcon_Draw1) refers to weathericons.o(.text.WeatherIcon_Draw1) for [Anonymous Symbol]
    weathericons.o(.text.WeatherIcon_Draw2) refers to st7735.o(.text.ST7735_DrawBitmap) for ST7735_DrawBitmap
    weathericons.o(.text.WeatherIcon_Draw2) refers to weathericons.o(.rodata.sun2) for sun2
    weathericons.o(.text.WeatherIcon_Draw2) refers to weathericons.o(.rodata.cloud2) for cloud2
    weathericons.o(.text.WeatherIcon_Draw2) refers to weathericons.o(.rodata.rain2) for rain2
    weathericons.o(.ARM.exidx.text.WeatherIcon_Draw2) refers to weathericons.o(.text.WeatherIcon_Draw2) for [Anonymous Symbol]
    systick.o(.ARM.exidx.text.SysTick_Init) refers to systick.o(.text.SysTick_Init) for [Anonymous Symbol]
    systick.o(.ARM.exidx.text.SysTick_Wait) refers to systick.o(.text.SysTick_Wait) for [Anonymous Symbol]
    systick.o(.ARM.exidx.text.Delay) refers to systick.o(.text.Delay) for [Anonymous Symbol]
    switch.o(.ARM.exidx.text.Switch_Init) refers to switch.o(.text.Switch_Init) for [Anonymous Symbol]
    entry.o(.ARM.Collect$$$$00000000) refers (Special) to entry10a.o(.ARM.Collect$$$$0000000D) for __rt_final_cpp
    entry.o(.ARM.Collect$$$$00000000) refers (Special) to entry11a.o(.ARM.Collect$$$$0000000F) for __rt_final_exit
    entry.o(.ARM.Collect$$$$00000000) refers (Special) to entry7b.o(.ARM.Collect$$$$00000008) for _main_clock
    entry.o(.ARM.Collect$$$$00000000) refers (Special) to entry8b.o(.ARM.Collect$$$$0000000A) for _main_cpp_init
    entry.o(.ARM.Collect$$$$00000000) refers (Special) to entry9a.o(.ARM.Collect$$$$0000000B) for _main_init
    entry.o(.ARM.Collect$$$$00000000) refers (Special) to entry5.o(.ARM.Collect$$$$00000004) for _main_scatterload
    entry.o(.ARM.Collect$$$$00000000) refers (Special) to entry2.o(.ARM.Collect$$$$00000001) for _main_stk
    entry2.o(.ARM.Collect$$$$00000001) refers to entry2.o(.ARM.Collect$$$$00002712) for __lit__00000000
    entry2.o(.ARM.Collect$$$$00002712) refers to startup.o(STACK) for __initial_sp
    entry2.o(__vectab_stack_and_reset_area) refers to startup.o(STACK) for __initial_sp
    entry2.o(__vectab_stack_and_reset_area) refers to entry.o(.ARM.Collect$$$$00000000) for __main
    entry5.o(.ARM.Collect$$$$00000004) refers to init.o(.text) for __scatterload
    entry9a.o(.ARM.Collect$$$$0000000B) refers to weatheranimations.o(.text.main) for main
    entry9b.o(.ARM.Collect$$$$0000000C) refers to weatheranimations.o(.text.main) for main
    init.o(.text) refers to entry5.o(.ARM.Collect$$$$00000004) for __main_after_scatterload


==============================================================================

Removing Unused input sections from the image.

    Removing startup.o(HEAP), (0 bytes).
    Removing pll.o(.text), (0 bytes).
    Removing pll.o(.ARM.exidx.text.PLL_Init), (8 bytes).
    Removing st7735.o(.text), (0 bytes).
    Removing st7735.o(.text.Delay1ms), (42 bytes).
    Removing st7735.o(.ARM.exidx.text.Delay1ms), (8 bytes).
    Removing st7735.o(.text.ST7735_InitB), (172 bytes).
    Removing st7735.o(.ARM.exidx.text.ST7735_InitB), (8 bytes).
    Removing st7735.o(.ARM.exidx.text.commonInit), (8 bytes).
    Removing st7735.o(.text.ST7735_SetCursor), (32 bytes).
    Removing st7735.o(.ARM.exidx.text.ST7735_SetCursor), (8 bytes).
    Removing st7735.o(.ARM.exidx.text.ST7735_FillScreen), (8 bytes).
    Removing st7735.o(.ARM.exidx.text.ST7735_InitR), (8 bytes).
    Removing st7735.o(.ARM.exidx.text.commandList), (8 bytes).
    Removing st7735.o(.text.ST7735_DrawPixel), (124 bytes).
    Removing st7735.o(.ARM.exidx.text.ST7735_DrawPixel), (8 bytes).
    Removing st7735.o(.ARM.exidx.text.setAddrWindow), (8 bytes).
    Removing st7735.o(.text.ST7735_DrawCircle), (1558 bytes).
    Removing st7735.o(.ARM.exidx.text.ST7735_DrawCircle), (8 bytes).
    Removing st7735.o(.text.ST7735_FillCircle), (854 bytes).
    Removing st7735.o(.ARM.exidx.text.ST7735_FillCircle), (8 bytes).
    Removing st7735.o(.text.ST7735_DrawFastVLine), (156 bytes).
    Removing st7735.o(.ARM.exidx.text.ST7735_DrawFastVLine), (8 bytes).
    Removing st7735.o(.text.ST7735_DrawLine), (420 bytes).
    Removing st7735.o(.ARM.exidx.text.ST7735_DrawLine), (8 bytes).
    Removing st7735.o(.text.ST7735_DrawFastHLine), (156 bytes).
    Removing st7735.o(.ARM.exidx.text.ST7735_DrawFastHLine), (8 bytes).
    Removing st7735.o(.ARM.exidx.text.ST7735_FillRect), (8 bytes).
    Removing st7735.o(.text.ST7735_Color565), (20 bytes).
    Removing st7735.o(.ARM.exidx.text.ST7735_Color565), (8 bytes).
    Removing st7735.o(.text.ST7735_SwapColor), (16 bytes).
    Removing st7735.o(.ARM.exidx.text.ST7735_SwapColor), (8 bytes).
    Removing st7735.o(.ARM.exidx.text.ST7735_DrawBitmap), (8 bytes).
    Removing st7735.o(.ARM.exidx.text.ST7735_DrawCharS), (8 bytes).
    Removing st7735.o(.text.ST7735_DrawChar), (344 bytes).
    Removing st7735.o(.ARM.exidx.text.ST7735_DrawChar), (8 bytes).
    Removing st7735.o(.ARM.exidx.text.ST7735_DrawString), (8 bytes).
    Removing st7735.o(.text.fillmessage), (70 bytes).
    Removing st7735.o(.ARM.exidx.text.fillmessage), (8 bytes).
    Removing st7735.o(.text.ST7735_OutUDec), (204 bytes).
    Removing st7735.o(.ARM.exidx.text.ST7735_OutUDec), (8 bytes).
    Removing st7735.o(.text.ST7735_SetRotation), (206 bytes).
    Removing st7735.o(.ARM.exidx.text.ST7735_SetRotation), (8 bytes).
    Removing st7735.o(.text.ST7735_InvertDisplay), (68 bytes).
    Removing st7735.o(.ARM.exidx.text.ST7735_InvertDisplay), (8 bytes).
    Removing st7735.o(.text.ST7735_PlotClear), (172 bytes).
    Removing st7735.o(.ARM.exidx.text.ST7735_PlotClear), (8 bytes).
    Removing st7735.o(.text.ST7735_PlotPoint), (542 bytes).
    Removing st7735.o(.ARM.exidx.text.ST7735_PlotPoint), (8 bytes).
    Removing st7735.o(.text.ST7735_PlotLine), (896 bytes).
    Removing st7735.o(.ARM.exidx.text.ST7735_PlotLine), (8 bytes).
    Removing st7735.o(.text.ST7735_PlotPoints), (376 bytes).
    Removing st7735.o(.ARM.exidx.text.ST7735_PlotPoints), (8 bytes).
    Removing st7735.o(.text.ST7735_PlotBar), (212 bytes).
    Removing st7735.o(.ARM.exidx.text.ST7735_PlotBar), (8 bytes).
    Removing st7735.o(.text.ST7735_PlotdBfs), (172 bytes).
    Removing st7735.o(.ARM.exidx.text.ST7735_PlotdBfs), (8 bytes).
    Removing st7735.o(.text.ST7735_PlotNext), (22 bytes).
    Removing st7735.o(.ARM.exidx.text.ST7735_PlotNext), (8 bytes).
    Removing st7735.o(.text.ST7735_PlotNextErase), (134 bytes).
    Removing st7735.o(.ARM.exidx.text.ST7735_PlotNextErase), (8 bytes).
    Removing st7735.o(.text.ST7735_OutChar), (262 bytes).
    Removing st7735.o(.ARM.exidx.text.ST7735_OutChar), (8 bytes).
    Removing st7735.o(.text.ST7735_OutString), (32 bytes).
    Removing st7735.o(.ARM.exidx.text.ST7735_OutString), (8 bytes).
    Removing st7735.o(.text.ST7735_SetTextColor), (12 bytes).
    Removing st7735.o(.ARM.exidx.text.ST7735_SetTextColor), (8 bytes).
    Removing st7735.o(.text.fputc), (12 bytes).
    Removing st7735.o(.ARM.exidx.text.fputc), (8 bytes).
    Removing st7735.o(.text.fgetc), (4 bytes).
    Removing st7735.o(.ARM.exidx.text.fgetc), (8 bytes).
    Removing st7735.o(.text.ferror), (6 bytes).
    Removing st7735.o(.ARM.exidx.text.ferror), (8 bytes).
    Removing st7735.o(.text.Output_Init), (132 bytes).
    Removing st7735.o(.ARM.exidx.text.Output_Init), (8 bytes).
    Removing st7735.o(.text.Output_Clear), (128 bytes).
    Removing st7735.o(.ARM.exidx.text.Output_Clear), (8 bytes).
    Removing st7735.o(.text.Output_Off), (128 bytes).
    Removing st7735.o(.ARM.exidx.text.Output_Off), (8 bytes).
    Removing st7735.o(.text.Output_On), (132 bytes).
    Removing st7735.o(.ARM.exidx.text.Output_On), (8 bytes).
    Removing st7735.o(.text.Output_Color), (12 bytes).
    Removing st7735.o(.ARM.exidx.text.Output_Color), (8 bytes).
    Removing st7735.o(.ARM.exidx.text.ST7735_SetFont), (8 bytes).
    Removing st7735.o(.rodata.Bcmd), (103 bytes).
    Removing st7735.o(.bss.Message), (12 bytes).
    Removing st7735.o(.bss.Messageindex), (4 bytes).
    Removing st7735.o(.bss.Ymax), (4 bytes).
    Removing st7735.o(.bss.Ymin), (4 bytes).
    Removing st7735.o(.bss.Yrange), (4 bytes).
    Removing st7735.o(.bss.X), (4 bytes).
    Removing st7735.o(.bss.lastj), (4 bytes).
    Removing st7735.o(.rodata.dBfs), (512 bytes).
    Removing st7735.o(.rodata.str1.1), (22 bytes).
    Removing weatheranimations.o(.text), (0 bytes).
    Removing weatheranimations.o(.ARM.exidx.text.main), (8 bytes).
    Removing weatheranimations.o(.ARM.exidx.text.UpdateWeather), (8 bytes).
    Removing weatheranimations.o(.ARM.exidx.text.GPIOPortF_Handler), (8 bytes).
    Removing weatheranimations.o(.rodata.str1.1), (19 bytes).
    Removing weatheranimations.o(.ARM.use_no_argv), (4 bytes).
    Removing weathericons.o(.text), (0 bytes).
    Removing weathericons.o(.ARM.exidx.text.WeatherIcon_Draw1), (8 bytes).
    Removing weathericons.o(.ARM.exidx.text.WeatherIcon_Draw2), (8 bytes).
    Removing weathericons.o(.rodata.blackSquare), (3200 bytes).
    Removing weathericons.o(.rodata.rainy), (3200 bytes).
    Removing weathericons.o(.rodata.cloudy), (3200 bytes).
    Removing weathericons.o(.rodata.sun), (3200 bytes).
    Removing systick.o(.text), (0 bytes).
    Removing systick.o(.ARM.exidx.text.SysTick_Init), (8 bytes).
    Removing systick.o(.text.SysTick_Wait), (44 bytes).
    Removing systick.o(.ARM.exidx.text.SysTick_Wait), (8 bytes).
    Removing systick.o(.ARM.exidx.text.Delay), (8 bytes).
    Removing switch.o(.text), (0 bytes).
    Removing switch.o(.ARM.exidx.text.Switch_Init), (8 bytes).

114 unused section(s) (total 21808 bytes) removed from the image.

==============================================================================

Image Symbol Table

    Local Symbols

    Symbol Name                              Value     Ov Type        Size  Object(Section)

    ../clib/microlib/init/entry.s            0x00000000   Number         0  entry.o ABSOLUTE
    ../clib/microlib/init/entry.s            0x00000000   Number         0  entry2.o ABSOLUTE
    ../clib/microlib/init/entry.s            0x00000000   Number         0  entry5.o ABSOLUTE
    ../clib/microlib/init/entry.s            0x00000000   Number         0  entry7a.o ABSOLUTE
    ../clib/microlib/init/entry.s            0x00000000   Number         0  entry7b.o ABSOLUTE
    ../clib/microlib/init/entry.s            0x00000000   Number         0  entry8a.o ABSOLUTE
    ../clib/microlib/init/entry.s            0x00000000   Number         0  entry8b.o ABSOLUTE
    ../clib/microlib/init/entry.s            0x00000000   Number         0  entry9a.o ABSOLUTE
    ../clib/microlib/init/entry.s            0x00000000   Number         0  entry9b.o ABSOLUTE
    ../clib/microlib/init/entry.s            0x00000000   Number         0  entry10a.o ABSOLUTE
    ../clib/microlib/init/entry.s            0x00000000   Number         0  entry10b.o ABSOLUTE
    ../clib/microlib/init/entry.s            0x00000000   Number         0  entry11a.o ABSOLUTE
    ../clib/microlib/init/entry.s            0x00000000   Number         0  entry11b.o ABSOLUTE
    PLL.c                                    0x00000000   Number         0  pll.o ABSOLUTE
    ST7735.c                                 0x00000000   Number         0  st7735.o ABSOLUTE
    Switch.c                                 0x00000000   Number         0  switch.o ABSOLUTE
    SysTick.c                                0x00000000   Number         0  systick.o ABSOLUTE
    WeatherAnimations.c                      0x00000000   Number         0  weatheranimations.o ABSOLUTE
    WeatherIcons.c                           0x00000000   Number         0  weathericons.o ABSOLUTE
    dc.s                                     0x00000000   Number         0  dc.o ABSOLUTE
    handlers.s                               0x00000000   Number         0  handlers.o ABSOLUTE
    init.s                                   0x00000000   Number         0  init.o ABSOLUTE
    startup.s                                0x00000000   Number         0  startup.o ABSOLUTE
    RESET                                    0x00000000   Section      644  startup.o(RESET)
    $v0                                      0x0000026c   Number         0  startup.o(RESET)
    .ARM.Collect$$$$00000000                 0x00000284   Section        0  entry.o(.ARM.Collect$$$$00000000)
    .ARM.Collect$$$$00000001                 0x00000284   Section        4  entry2.o(.ARM.Collect$$$$00000001)
    .ARM.Collect$$$$00000004                 0x00000288   Section        4  entry5.o(.ARM.Collect$$$$00000004)
    .ARM.Collect$$$$00000008                 0x0000028c   Section        0  entry7b.o(.ARM.Collect$$$$00000008)
    .ARM.Collect$$$$0000000A                 0x0000028c   Section        0  entry8b.o(.ARM.Collect$$$$0000000A)
    .ARM.Collect$$$$0000000B                 0x0000028c   Section        8  entry9a.o(.ARM.Collect$$$$0000000B)
    __lit__00000000                          0x00000294   Data           4  entry2.o(.ARM.Collect$$$$00002712)
    .ARM.Collect$$$$0000000D                 0x00000294   Section        0  entry10a.o(.ARM.Collect$$$$0000000D)
    .ARM.Collect$$$$0000000F                 0x00000294   Section        0  entry11a.o(.ARM.Collect$$$$0000000F)
    .ARM.Collect$$$$00002712                 0x00000294   Section        4  entry2.o(.ARM.Collect$$$$00002712)
    $v0                                      0x00000298   Number         0  startup.o(.text)
    .text                                    0x00000298   Section       28  startup.o(.text)
    .text                                    0x000002b4   Section       48  init.o(.text)
    [Anonymous Symbol]                       0x000002e4   Section        0  systick.o(.text.Delay)
    [Anonymous Symbol]                       0x00000310   Section        0  weatheranimations.o(.text.GPIOPortF_Handler)
    [Anonymous Symbol]                       0x00000340   Section        0  pll.o(.text.PLL_Init)
    [Anonymous Symbol]                       0x000003ac   Section        0  st7735.o(.text.ST7735_DrawBitmap)
    [Anonymous Symbol]                       0x000004e0   Section        0  st7735.o(.text.ST7735_DrawCharS)
    [Anonymous Symbol]                       0x00000710   Section        0  st7735.o(.text.ST7735_DrawString)
    [Anonymous Symbol]                       0x0000077c   Section        0  st7735.o(.text.ST7735_FillRect)
    [Anonymous Symbol]                       0x00000830   Section        0  st7735.o(.text.ST7735_FillScreen)
    [Anonymous Symbol]                       0x000008b8   Section        0  st7735.o(.text.ST7735_InitR)
    [Anonymous Symbol]                       0x000009e4   Section        0  st7735.o(.text.ST7735_SetFont)
    [Anonymous Symbol]                       0x000009f0   Section        0  switch.o(.text.Switch_Init)
    [Anonymous Symbol]                       0x00000aac   Section        0  systick.o(.text.SysTick_Init)
    [Anonymous Symbol]                       0x00000acc   Section        0  weatheranimations.o(.text.UpdateWeather)
    [Anonymous Symbol]                       0x00000c5c   Section        0  weathericons.o(.text.WeatherIcon_Draw1)
    [Anonymous Symbol]                       0x00000c90   Section        0  weathericons.o(.text.WeatherIcon_Draw2)
    commandList                              0x00000cc5   Thumb Code   168  st7735.o(.text.commandList)
    [Anonymous Symbol]                       0x00000cc4   Section        0  st7735.o(.text.commandList)
    commonInit                               0x00000d6d   Thumb Code   428  st7735.o(.text.commonInit)
    [Anonymous Symbol]                       0x00000d6c   Section        0  st7735.o(.text.commonInit)
    [Anonymous Symbol]                       0x00000f18   Section        0  weatheranimations.o(.text.main)
    setAddrWindow                            0x00000fcd   Thumb Code   310  st7735.o(.text.setAddrWindow)
    [Anonymous Symbol]                       0x00000fcc   Section        0  st7735.o(.text.setAddrWindow)
    i.__scatterload_copy                     0x00001102   Section       14  handlers.o(i.__scatterload_copy)
    i.__scatterload_null                     0x00001110   Section        2  handlers.o(i.__scatterload_null)
    i.__scatterload_zeroinit                 0x00001112   Section       14  handlers.o(i.__scatterload_zeroinit)
    Rcmd1                                    0x00002526   Data          59  st7735.o(.rodata.Rcmd1)
    [Anonymous Symbol]                       0x00002526   Section        0  st7735.o(.rodata.Rcmd1)
    Rcmd2green                               0x00002561   Data          13  st7735.o(.rodata.Rcmd2green)
    [Anonymous Symbol]                       0x00002561   Section        0  st7735.o(.rodata.Rcmd2green)
    Rcmd2red                                 0x0000256e   Data          13  st7735.o(.rodata.Rcmd2red)
    [Anonymous Symbol]                       0x0000256e   Section        0  st7735.o(.rodata.Rcmd2red)
    Rcmd3                                    0x0000257b   Data          43  st7735.o(.rodata.Rcmd3)
    [Anonymous Symbol]                       0x0000257b   Section        0  st7735.o(.rodata.Rcmd3)
    ColStart                                 0x20000010   Data           1  st7735.o(.bss.ColStart)
    [Anonymous Symbol]                       0x20000010   Section        0  st7735.o(.bss.ColStart)
    RowStart                                 0x20000011   Data           1  st7735.o(.bss.RowStart)
    [Anonymous Symbol]                       0x20000011   Section        0  st7735.o(.bss.RowStart)
    TabColor                                 0x2000001c   Data           1  st7735.o(.bss.TabColor)
    [Anonymous Symbol]                       0x2000001c   Section        0  st7735.o(.bss.TabColor)
    _height                                  0x2000001e   Data           1  st7735.o(.bss._height)
    [Anonymous Symbol]                       0x2000001e   Section        0  st7735.o(.bss._height)
    _width                                   0x20000020   Data           1  st7735.o(.bss._width)
    [Anonymous Symbol]                       0x20000020   Section        0  st7735.o(.bss._width)
    StackMem                                 0x20000048   Data           0  startup.o(STACK)
    STACK                                    0x20000048   Section     1024  startup.o(STACK)

    Global Symbols

    Symbol Name                              Value     Ov Type        Size  Object(Section)

    BuildAttributes$$THM_ISAv4$E$P$D$K$B$S$7EM$VFPi3$EXTD16$VFPS$VFMA$PE$A:L22UL41UL21$X:L11$S22US41US21$IEEE1$IW$~IW$USESV6$~STKCKD$USESV7$~SHL$OTIME$EBA8$MICROLIB$REQ8$PRES8$EABIv2 0x00000000   Number         0  anon$$obj.o ABSOLUTE
    __Vectors                                0x00000000   Data           0  startup.o(RESET)
    __cpp_initialize__aeabi_                  - Undefined Weak Reference
    __cxa_finalize                            - Undefined Weak Reference
    __decompress                              - Undefined Weak Reference
    _clock_init                               - Undefined Weak Reference
    _microlib_exit                            - Undefined Weak Reference
    Reset_Handler                            0x0000026d   Thumb Code     0  startup.o(RESET)
    NMI_Handler                              0x00000271   Thumb Code     2  startup.o(RESET)
    HardFault_Handler                        0x00000273   Thumb Code     2  startup.o(RESET)
    MemManage_Handler                        0x00000275   Thumb Code     2  startup.o(RESET)
    BusFault_Handler                         0x00000277   Thumb Code     2  startup.o(RESET)
    UsageFault_Handler                       0x00000279   Thumb Code     2  startup.o(RESET)
    SVC_Handler                              0x0000027b   Thumb Code     2  startup.o(RESET)
    DebugMon_Handler                         0x0000027d   Thumb Code     2  startup.o(RESET)
    PendSV_Handler                           0x0000027f   Thumb Code     2  startup.o(RESET)
    SysTick_Handler                          0x00000281   Thumb Code     2  startup.o(RESET)
    ADC0Seq0_Handler                         0x00000283   Thumb Code     0  startup.o(RESET)
    ADC0Seq1_Handler                         0x00000283   Thumb Code     0  startup.o(RESET)
    ADC0Seq2_Handler                         0x00000283   Thumb Code     0  startup.o(RESET)
    ADC0Seq3_Handler                         0x00000283   Thumb Code     0  startup.o(RESET)
    ADC1Seq0_Handler                         0x00000283   Thumb Code     0  startup.o(RESET)
    ADC1Seq1_Handler                         0x00000283   Thumb Code     0  startup.o(RESET)
    ADC1Seq2_Handler                         0x00000283   Thumb Code     0  startup.o(RESET)
    ADC1Seq3_Handler                         0x00000283   Thumb Code     0  startup.o(RESET)
    CAN0_Handler                             0x00000283   Thumb Code     0  startup.o(RESET)
    CAN1_Handler                             0x00000283   Thumb Code     0  startup.o(RESET)
    CAN2_Handler                             0x00000283   Thumb Code     0  startup.o(RESET)
    Comp0_Handler                            0x00000283   Thumb Code     0  startup.o(RESET)
    Comp1_Handler                            0x00000283   Thumb Code     0  startup.o(RESET)
    Comp2_Handler                            0x00000283   Thumb Code     0  startup.o(RESET)
    Ethernet_Handler                         0x00000283   Thumb Code     0  startup.o(RESET)
    ExtBus_Handler                           0x00000283   Thumb Code     0  startup.o(RESET)
    FPU_Handler                              0x00000283   Thumb Code     0  startup.o(RESET)
    Fan0_Handler                             0x00000283   Thumb Code     0  startup.o(RESET)
    FlashCtl_Handler                         0x00000283   Thumb Code     0  startup.o(RESET)
    GPIOPortA_Handler                        0x00000283   Thumb Code     0  startup.o(RESET)
    GPIOPortB_Handler                        0x00000283   Thumb Code     0  startup.o(RESET)
    GPIOPortC_Handler                        0x00000283   Thumb Code     0  startup.o(RESET)
    GPIOPortD_Handler                        0x00000283   Thumb Code     0  startup.o(RESET)
    GPIOPortE_Handler                        0x00000283   Thumb Code     0  startup.o(RESET)
    GPIOPortG_Handler                        0x00000283   Thumb Code     0  startup.o(RESET)
    GPIOPortH_Handler                        0x00000283   Thumb Code     0  startup.o(RESET)
    GPIOPortJ_Handler                        0x00000283   Thumb Code     0  startup.o(RESET)
    GPIOPortK_Handler                        0x00000283   Thumb Code     0  startup.o(RESET)
    GPIOPortL_Handler                        0x00000283   Thumb Code     0  startup.o(RESET)
    GPIOPortM_Handler                        0x00000283   Thumb Code     0  startup.o(RESET)
    GPIOPortN_Handler                        0x00000283   Thumb Code     0  startup.o(RESET)
    GPIOPortP1_Handler                       0x00000283   Thumb Code     0  startup.o(RESET)
    GPIOPortP2_Handler                       0x00000283   Thumb Code     0  startup.o(RESET)
    GPIOPortP3_Handler                       0x00000283   Thumb Code     0  startup.o(RESET)
    GPIOPortP4_Handler                       0x00000283   Thumb Code     0  startup.o(RESET)
    GPIOPortP5_Handler                       0x00000283   Thumb Code     0  startup.o(RESET)
    GPIOPortP6_Handler                       0x00000283   Thumb Code     0  startup.o(RESET)
    GPIOPortP7_Handler                       0x00000283   Thumb Code     0  startup.o(RESET)
    GPIOPortP_Handler                        0x00000283   Thumb Code     0  startup.o(RESET)
    GPIOPortQ1_Handler                       0x00000283   Thumb Code     0  startup.o(RESET)
    GPIOPortQ2_Handler                       0x00000283   Thumb Code     0  startup.o(RESET)
    GPIOPortQ3_Handler                       0x00000283   Thumb Code     0  startup.o(RESET)
    GPIOPortQ4_Handler                       0x00000283   Thumb Code     0  startup.o(RESET)
    GPIOPortQ5_Handler                       0x00000283   Thumb Code     0  startup.o(RESET)
    GPIOPortQ6_Handler                       0x00000283   Thumb Code     0  startup.o(RESET)
    GPIOPortQ7_Handler                       0x00000283   Thumb Code     0  startup.o(RESET)
    GPIOPortQ_Handler                        0x00000283   Thumb Code     0  startup.o(RESET)
    GPIOPortR_Handler                        0x00000283   Thumb Code     0  startup.o(RESET)
    GPIOPortS_Handler                        0x00000283   Thumb Code     0  startup.o(RESET)
    Hibernate_Handler                        0x00000283   Thumb Code     0  startup.o(RESET)
    I2C0_Handler                             0x00000283   Thumb Code     0  startup.o(RESET)
    I2C1_Handler                             0x00000283   Thumb Code     0  startup.o(RESET)
    I2C2_Handler                             0x00000283   Thumb Code     0  startup.o(RESET)
    I2C3_Handler                             0x00000283   Thumb Code     0  startup.o(RESET)
    I2C4_Handler                             0x00000283   Thumb Code     0  startup.o(RESET)
    I2C5_Handler                             0x00000283   Thumb Code     0  startup.o(RESET)
    I2S0_Handler                             0x00000283   Thumb Code     0  startup.o(RESET)
    LPC0_Handler                             0x00000283   Thumb Code     0  startup.o(RESET)
    PECI0_Handler                            0x00000283   Thumb Code     0  startup.o(RESET)
    PWM0Fault_Handler                        0x00000283   Thumb Code     0  startup.o(RESET)
    PWM0Generator0_Handler                   0x00000283   Thumb Code     0  startup.o(RESET)
    PWM0Generator1_Handler                   0x00000283   Thumb Code     0  startup.o(RESET)
    PWM0Generator2_Handler                   0x00000283   Thumb Code     0  startup.o(RESET)
    PWM0Generator3_Handler                   0x00000283   Thumb Code     0  startup.o(RESET)
    PWM1Fault_Handler                        0x00000283   Thumb Code     0  startup.o(RESET)
    PWM1Generator0_Handler                   0x00000283   Thumb Code     0  startup.o(RESET)
    PWM1Generator1_Handler                   0x00000283   Thumb Code     0  startup.o(RESET)
    PWM1Generator2_Handler                   0x00000283   Thumb Code     0  startup.o(RESET)
    PWM1Generator3_Handler                   0x00000283   Thumb Code     0  startup.o(RESET)
    Quadrature0_Handler                      0x00000283   Thumb Code     0  startup.o(RESET)
    Quadrature1_Handler                      0x00000283   Thumb Code     0  startup.o(RESET)
    Quadrature2_Handler                      0x00000283   Thumb Code     0  startup.o(RESET)
    SSI0_Handler                             0x00000283   Thumb Code     0  startup.o(RESET)
    SSI1_Handler                             0x00000283   Thumb Code     0  startup.o(RESET)
    SSI2_Handler                             0x00000283   Thumb Code     0  startup.o(RESET)
    SSI3_Handler                             0x00000283   Thumb Code     0  startup.o(RESET)
    SysCtl_Handler                           0x00000283   Thumb Code     0  startup.o(RESET)
    Timer0A_Handler                          0x00000283   Thumb Code     0  startup.o(RESET)
    Timer0B_Handler                          0x00000283   Thumb Code     0  startup.o(RESET)
    Timer1A_Handler                          0x00000283   Thumb Code     0  startup.o(RESET)
    Timer1B_Handler                          0x00000283   Thumb Code     0  startup.o(RESET)
    Timer2A_Handler                          0x00000283   Thumb Code     0  startup.o(RESET)
    Timer2B_Handler                          0x00000283   Thumb Code     0  startup.o(RESET)
    Timer3A_Handler                          0x00000283   Thumb Code     0  startup.o(RESET)
    Timer3B_Handler                          0x00000283   Thumb Code     0  startup.o(RESET)
    Timer4A_Handler                          0x00000283   Thumb Code     0  startup.o(RESET)
    Timer4B_Handler                          0x00000283   Thumb Code     0  startup.o(RESET)
    Timer5A_Handler                          0x00000283   Thumb Code     0  startup.o(RESET)
    Timer5B_Handler                          0x00000283   Thumb Code     0  startup.o(RESET)
    UART0_Handler                            0x00000283   Thumb Code     0  startup.o(RESET)
    UART1_Handler                            0x00000283   Thumb Code     0  startup.o(RESET)
    UART2_Handler                            0x00000283   Thumb Code     0  startup.o(RESET)
    UART3_Handler                            0x00000283   Thumb Code     0  startup.o(RESET)
    UART4_Handler                            0x00000283   Thumb Code     0  startup.o(RESET)
    UART5_Handler                            0x00000283   Thumb Code     0  startup.o(RESET)
    UART6_Handler                            0x00000283   Thumb Code     0  startup.o(RESET)
    UART7_Handler                            0x00000283   Thumb Code     0  startup.o(RESET)
    USB0_Handler                             0x00000283   Thumb Code     0  startup.o(RESET)
    WDT_Handler                              0x00000283   Thumb Code     0  startup.o(RESET)
    WideTimer0A_Handler                      0x00000283   Thumb Code     0  startup.o(RESET)
    WideTimer0B_Handler                      0x00000283   Thumb Code     0  startup.o(RESET)
    WideTimer1A_Handler                      0x00000283   Thumb Code     0  startup.o(RESET)
    WideTimer1B_Handler                      0x00000283   Thumb Code     0  startup.o(RESET)
    WideTimer2A_Handler                      0x00000283   Thumb Code     0  startup.o(RESET)
    WideTimer2B_Handler                      0x00000283   Thumb Code     0  startup.o(RESET)
    WideTimer3A_Handler                      0x00000283   Thumb Code     0  startup.o(RESET)
    WideTimer3B_Handler                      0x00000283   Thumb Code     0  startup.o(RESET)
    WideTimer4A_Handler                      0x00000283   Thumb Code     0  startup.o(RESET)
    WideTimer4B_Handler                      0x00000283   Thumb Code     0  startup.o(RESET)
    WideTimer5A_Handler                      0x00000283   Thumb Code     0  startup.o(RESET)
    WideTimer5B_Handler                      0x00000283   Thumb Code     0  startup.o(RESET)
    uDMA_Error                               0x00000283   Thumb Code     0  startup.o(RESET)
    uDMA_Handler                             0x00000283   Thumb Code     0  startup.o(RESET)
    __main                                   0x00000285   Thumb Code     0  entry.o(.ARM.Collect$$$$00000000)
    _main_stk                                0x00000285   Thumb Code     0  entry2.o(.ARM.Collect$$$$00000001)
    _main_scatterload                        0x00000289   Thumb Code     0  entry5.o(.ARM.Collect$$$$00000004)
    __main_after_scatterload                 0x0000028d   Thumb Code     0  entry5.o(.ARM.Collect$$$$00000004)
    _main_clock                              0x0000028d   Thumb Code     0  entry7b.o(.ARM.Collect$$$$00000008)
    _main_cpp_init                           0x0000028d   Thumb Code     0  entry8b.o(.ARM.Collect$$$$0000000A)
    _main_init                               0x0000028d   Thumb Code     0  entry9a.o(.ARM.Collect$$$$0000000B)
    __rt_final_cpp                           0x00000295   Thumb Code     0  entry10a.o(.ARM.Collect$$$$0000000D)
    __rt_final_exit                          0x00000295   Thumb Code     0  entry11a.o(.ARM.Collect$$$$0000000F)
    DisableInterrupts                        0x00000299   Thumb Code     0  startup.o(.text)
    EnableInterrupts                         0x0000029d   Thumb Code     0  startup.o(.text)
    StartCritical                            0x000002a1   Thumb Code     0  startup.o(.text)
    EndCritical                              0x000002a9   Thumb Code     0  startup.o(.text)
    WaitForInterrupt                         0x000002af   Thumb Code     0  startup.o(.text)
    __scatterload                            0x000002b5   Thumb Code    38  init.o(.text)
    __scatterload_rt2                        0x000002b5   Thumb Code     0  init.o(.text)
    Delay                                    0x000002e5   Thumb Code    44  systick.o(.text.Delay)
    GPIOPortF_Handler                        0x00000311   Thumb Code    48  weatheranimations.o(.text.GPIOPortF_Handler)
    PLL_Init                                 0x00000341   Thumb Code   106  pll.o(.text.PLL_Init)
    ST7735_DrawBitmap                        0x000003ad   Thumb Code   306  st7735.o(.text.ST7735_DrawBitmap)
    ST7735_DrawCharS                         0x000004e1   Thumb Code   560  st7735.o(.text.ST7735_DrawCharS)
    ST7735_DrawString                        0x00000711   Thumb Code   106  st7735.o(.text.ST7735_DrawString)
    ST7735_FillRect                          0x0000077d   Thumb Code   180  st7735.o(.text.ST7735_FillRect)
    ST7735_FillScreen                        0x00000831   Thumb Code   136  st7735.o(.text.ST7735_FillScreen)
    ST7735_InitR                             0x000008b9   Thumb Code   298  st7735.o(.text.ST7735_InitR)
    ST7735_SetFont                           0x000009e5   Thumb Code    12  st7735.o(.text.ST7735_SetFont)
    Switch_Init                              0x000009f1   Thumb Code   186  switch.o(.text.Switch_Init)
    SysTick_Init                             0x00000aad   Thumb Code    30  systick.o(.text.SysTick_Init)
    UpdateWeather                            0x00000acd   Thumb Code   320  weatheranimations.o(.text.UpdateWeather)
    WeatherIcon_Draw1                        0x00000c5d   Thumb Code    40  weathericons.o(.text.WeatherIcon_Draw1)
    WeatherIcon_Draw2                        0x00000c91   Thumb Code    40  weathericons.o(.text.WeatherIcon_Draw2)
    main                                     0x00000f19   Thumb Code   180  weatheranimations.o(.text.main)
    __scatterload_copy                       0x00001103   Thumb Code    14  handlers.o(i.__scatterload_copy)
    __scatterload_null                       0x00001111   Thumb Code     2  handlers.o(i.__scatterload_null)
    __scatterload_zeroinit                   0x00001113   Thumb Code    14  handlers.o(i.__scatterload_zeroinit)
    Font                                     0x00001120   Data        1275  st7735.o(.rodata.Font)
    Font_Bold                                0x0000161b   Data        1300  st7735.o(.rodata.Font_Bold)
    Font_Italic                              0x00001b2f   Data        1276  st7735.o(.rodata.Font_Italic)
    Font_Thin                                0x0000202b   Data        1275  st7735.o(.rodata.Font_Thin)
    cloud1                                   0x000025a6   Data        1352  weathericons.o(.rodata.cloud1)
    cloud2                                   0x00002aee   Data        1352  weathericons.o(.rodata.cloud2)
    rain1                                    0x00003036   Data        1352  weathericons.o(.rodata.rain1)
    rain2                                    0x0000357e   Data        1352  weathericons.o(.rodata.rain2)
    sun1                                     0x00003ac6   Data        1352  weathericons.o(.rodata.sun1)
    sun2                                     0x0000400e   Data        1352  weathericons.o(.rodata.sun2)
    Region$$Table$$Base                      0x00004558   Number         0  anon$$obj.o(Region$$Table)
    Region$$Table$$Limit                     0x00004578   Number         0  anon$$obj.o(Region$$Table)
    StTextColor                              0x20000000   Data           2  st7735.o(.data.StTextColor)
    currentFont                              0x20000004   Data           4  st7735.o(.data.currentFont)
    weatherWheelSize                         0x20000008   Data           4  weatheranimations.o(.data.weatherWheelSize)
    StX                                      0x20000014   Data           4  st7735.o(.bss.StX)
    StY                                      0x20000018   Data           4  st7735.o(.bss.StY)
    currentWeather                           0x20000021   Data           1  weatheranimations.o(.bss.currentWeather)
    frame                                    0x20000024   Data           4  weatheranimations.o(.bss.frame)
    isSwitchPressed                          0x20000028   Data           1  weatheranimations.o(.bss.isSwitchPressed)
    weatherCondition                         0x2000002c   Data          20  weatheranimations.o(.bss.weatherCondition)
    weatherIndex                             0x20000040   Data           4  weatheranimations.o(.bss.weatherIndex)
    __initial_sp                             0x20000448   Data           0  startup.o(STACK)



==============================================================================

Memory Map of the image

  Image Entry point : 0x0000026d

  Load Region LR_1 (Base: 0x00000000, Size: 0x00004584, Max: 0xffffffff, ABSOLUTE)

    Execution Region ER_RO (Exec base: 0x00000000, Load base: 0x00000000, Size: 0x00004578, Max: 0xffffffff, ABSOLUTE)

    Exec Addr    Load Addr    Size         Type   Attr      Idx    E Section Name        Object

    0x00000000   0x00000000   0x00000284   Code   RO            3  * RESET               startup.o
    0x00000284   0x00000284   0x00000000   Code   RO          212  * .ARM.Collect$$$$00000000  mc_w.l(entry.o)
    0x00000284   0x00000284   0x00000004   Code   RO          215    .ARM.Collect$$$$00000001  mc_w.l(entry2.o)
    0x00000288   0x00000288   0x00000004   Code   RO          218    .ARM.Collect$$$$00000004  mc_w.l(entry5.o)
    0x0000028c   0x0000028c   0x00000000   Code   RO          220    .ARM.Collect$$$$00000008  mc_w.l(entry7b.o)
    0x0000028c   0x0000028c   0x00000000   Code   RO          222    .ARM.Collect$$$$0000000A  mc_w.l(entry8b.o)
    0x0000028c   0x0000028c   0x00000008   Code   RO          223    .ARM.Collect$$$$0000000B  mc_w.l(entry9a.o)
    0x00000294   0x00000294   0x00000000   Code   RO          225    .ARM.Collect$$$$0000000D  mc_w.l(entry10a.o)
    0x00000294   0x00000294   0x00000000   Code   RO          227    .ARM.Collect$$$$0000000F  mc_w.l(entry11a.o)
    0x00000294   0x00000294   0x00000004   Code   RO          216    .ARM.Collect$$$$00002712  mc_w.l(entry2.o)
    0x00000298   0x00000298   0x0000001c   Code   RO            4    .text               startup.o
    0x000002b4   0x000002b4   0x00000030   Code   RO          229    .text               mc_w.l(init.o)
    0x000002e4   0x000002e4   0x0000002c   Code   RO          195    .text.Delay         systick.o
    0x00000310   0x00000310   0x00000030   Code   RO          151    .text.GPIOPortF_Handler  weatheranimations.o
    0x00000340   0x00000340   0x0000006a   Code   RO           13    .text.PLL_Init      pll.o
    0x000003aa   0x000003aa   0x00000002   PAD
    0x000003ac   0x000003ac   0x00000132   Code   RO           56    .text.ST7735_DrawBitmap  st7735.o
    0x000004de   0x000004de   0x00000002   PAD
    0x000004e0   0x000004e0   0x00000230   Code   RO           58    .text.ST7735_DrawCharS  st7735.o
    0x00000710   0x00000710   0x0000006a   Code   RO           62    .text.ST7735_DrawString  st7735.o
    0x0000077a   0x0000077a   0x00000002   PAD
    0x0000077c   0x0000077c   0x000000b4   Code   RO           50    .text.ST7735_FillRect  st7735.o
    0x00000830   0x00000830   0x00000088   Code   RO           30    .text.ST7735_FillScreen  st7735.o
    0x000008b8   0x000008b8   0x0000012a   Code   RO           32    .text.ST7735_InitR  st7735.o
    0x000009e2   0x000009e2   0x00000002   PAD
    0x000009e4   0x000009e4   0x0000000c   Code   RO          110    .text.ST7735_SetFont  st7735.o
    0x000009f0   0x000009f0   0x000000ba   Code   RO          205    .text.Switch_Init   switch.o
    0x00000aaa   0x00000aaa   0x00000002   PAD
    0x00000aac   0x00000aac   0x0000001e   Code   RO          191    .text.SysTick_Init  systick.o
    0x00000aca   0x00000aca   0x00000002   PAD
    0x00000acc   0x00000acc   0x00000190   Code   RO          149    .text.UpdateWeather  weatheranimations.o
    0x00000c5c   0x00000c5c   0x00000034   Code   RO          169    .text.WeatherIcon_Draw1  weathericons.o
    0x00000c90   0x00000c90   0x00000034   Code   RO          171    .text.WeatherIcon_Draw2  weathericons.o
    0x00000cc4   0x00000cc4   0x000000a8   Code   RO           34    .text.commandList   st7735.o
    0x00000d6c   0x00000d6c   0x000001ac   Code   RO           26    .text.commonInit    st7735.o
    0x00000f18   0x00000f18   0x000000b4   Code   RO          147    .text.main          weatheranimations.o
    0x00000fcc   0x00000fcc   0x00000136   Code   RO           38    .text.setAddrWindow  st7735.o
    0x00001102   0x00001102   0x0000000e   Code   RO          233    i.__scatterload_copy  mc_w.l(handlers.o)
    0x00001110   0x00001110   0x00000002   Code   RO          234    i.__scatterload_null  mc_w.l(handlers.o)
    0x00001112   0x00001112   0x0000000e   Code   RO          235    i.__scatterload_zeroinit  mc_w.l(handlers.o)
    0x00001120   0x00001120   0x000004fb   Data   RO          115    .rodata.Font        st7735.o
    0x0000161b   0x0000161b   0x00000514   Data   RO          116    .rodata.Font_Bold   st7735.o
    0x00001b2f   0x00001b2f   0x000004fc   Data   RO          118    .rodata.Font_Italic  st7735.o
    0x0000202b   0x0000202b   0x000004fb   Data   RO          117    .rodata.Font_Thin   st7735.o
    0x00002526   0x00002526   0x0000003b   Data   RO          121    .rodata.Rcmd1       st7735.o
    0x00002561   0x00002561   0x0000000d   Data   RO          122    .rodata.Rcmd2green  st7735.o
    0x0000256e   0x0000256e   0x0000000d   Data   RO          125    .rodata.Rcmd2red    st7735.o
    0x0000257b   0x0000257b   0x0000002b   Data   RO          126    .rodata.Rcmd3       st7735.o
    0x000025a6   0x000025a6   0x00000548   Data   RO          180    .rodata.cloud1      weathericons.o
    0x00002aee   0x00002aee   0x00000548   Data   RO          179    .rodata.cloud2      weathericons.o
    0x00003036   0x00003036   0x00000548   Data   RO          178    .rodata.rain1       weathericons.o
    0x0000357e   0x0000357e   0x00000548   Data   RO          177    .rodata.rain2       weathericons.o
    0x00003ac6   0x00003ac6   0x00000548   Data   RO          181    .rodata.sun1        weathericons.o
    0x0000400e   0x0000400e   0x00000548   Data   RO          182    .rodata.sun2        weathericons.o
    0x00004556   0x00004556   0x00000002   PAD
    0x00004558   0x00004558   0x00000020   Data   RO          232    Region$$Table       anon$$obj.o


    Execution Region ER_RW (Exec base: 0x20000000, Load base: 0x00004578, Size: 0x0000000c, Max: 0xffffffff, ABSOLUTE)

    Exec Addr    Load Addr    Size         Type   Attr      Idx    E Section Name        Object

    0x20000000   0x00004578   0x00000002   Data   RW          114    .data.StTextColor   st7735.o
    0x20000002   0x0000457a   0x00000002   PAD
    0x20000004   0x0000457c   0x00000004   Data   RW          119    .data.currentFont   st7735.o
    0x20000008   0x00004580   0x00000004   Data   RW          154    .data.weatherWheelSize  weatheranimations.o


    Execution Region ER_ZI (Exec base: 0x20000010, Load base: 0x00004584, Size: 0x00000438, Max: 0xffffffff, ABSOLUTE)

    Exec Addr    Load Addr    Size         Type   Attr      Idx    E Section Name        Object

    0x20000010        -       0x00000001   Zero   RW          123    .bss.ColStart       st7735.o
    0x20000011        -       0x00000001   Zero   RW          124    .bss.RowStart       st7735.o
    0x20000012   0x00004584   0x00000002   PAD
    0x20000014        -       0x00000004   Zero   RW          112    .bss.StX            st7735.o
    0x20000018        -       0x00000004   Zero   RW          113    .bss.StY            st7735.o
    0x2000001c        -       0x00000001   Zero   RW          127    .bss.TabColor       st7735.o
    0x2000001d   0x00004584   0x00000001   PAD
    0x2000001e        -       0x00000001   Zero   RW          129    .bss._height        st7735.o
    0x2000001f   0x00004584   0x00000001   PAD
    0x20000020        -       0x00000001   Zero   RW          128    .bss._width         st7735.o
    0x20000021        -       0x00000001   Zero   RW          157    .bss.currentWeather  weatheranimations.o
    0x20000022   0x00004584   0x00000002   PAD
    0x20000024        -       0x00000004   Zero   RW          155    .bss.frame          weatheranimations.o
    0x20000028        -       0x00000001   Zero   RW          156    .bss.isSwitchPressed  weatheranimations.o
    0x20000029   0x00004584   0x00000003   PAD
    0x2000002c        -       0x00000014   Zero   RW          158    .bss.weatherCondition  weatheranimations.o
    0x20000040        -       0x00000004   Zero   RW          153    .bss.weatherIndex   weatheranimations.o
    0x20000044   0x00004584   0x00000004   PAD
    0x20000048        -       0x00000400   Zero   RW            1    STACK               startup.o


==============================================================================

Image component sizes


      Code (inc. data)   RO Data    RW Data    ZI Data      Debug   Object Name

       106          0          0          0          0        648   pll.o
      2504          0       5254          6         13      33501   st7735.o
       672        622          0          0       1024       1060   startup.o
       186          0          0          0          0        484   switch.o
        74          0          0          0          0       1097   systick.o
       628         80          0          4         30       1773   weatheranimations.o
       104         24       8112          0          0       1769   weathericons.o

    ----------------------------------------------------------------------
      4286        726      13400         12       1080      40332   Object Totals
         0          0         32          0          0          0   (incl. Generated)
        12          0          2          2         13          0   (incl. Padding)

    ----------------------------------------------------------------------

      Code (inc. data)   RO Data    RW Data    ZI Data      Debug   Library Member Name

         0          0          0          0          0          0   entry.o
         0          0          0          0          0          0   entry10a.o
         0          0          0          0          0          0   entry11a.o
         8          4          0          0          0          0   entry2.o
         4          0          0          0          0          0   entry5.o
         0          0          0          0          0          0   entry7b.o
         0          0          0          0          0          0   entry8b.o
         8          4          0          0          0          0   entry9a.o
        30          0          0          0          0          0   handlers.o
        48         10          0          0          0         68   init.o

    ----------------------------------------------------------------------
        98         18          0          0          0         68   Library Totals
         0          0          0          0          0          0   (incl. Padding)

    ----------------------------------------------------------------------

      Code (inc. data)   RO Data    RW Data    ZI Data      Debug   Library Name

        98         18          0          0          0         68   mc_w.l

    ----------------------------------------------------------------------
        98         18          0          0          0         68   Library Totals

    ----------------------------------------------------------------------

==============================================================================


      Code (inc. data)   RO Data    RW Data    ZI Data      Debug   

      4384        744      13400         12       1080      40504   Grand Totals
      4384        744      13400         12       1080      40504   ELF Image Totals
      4384        744      13400         12          0          0   ROM Totals

==============================================================================

    Total RO  Size (Code + RO Data)                17784 (  17.37kB)
    Total RW  Size (RW Data + ZI Data)              1092 (   1.07kB)
    Total ROM Size (Code + RO Data + RW Data)      17796 (  17.38kB)

==============================================================================

