Component: Arm Compiler for Embedded 6.22 Tool: armlink [5ee90200]

==============================================================================

Section Cross References

    board.o(.text.initClk) refers to fpu.o(i.FPUEnable) for FPUEnable
    board.o(.text.initClk) refers to fpu.o(i.FPULazyStackingEnable) for FPULazyStackingEnable
    board.o(.text.initClk) refers to sysctl.o(i.SysCtlClockSet) for SysCtlClockSet
    board.o(.ARM.exidx.text.initClk) refers to board.o(.text.initClk) for [Anonymous Symbol]
    board.o(.ARM.exidx.text.stopWDT) refers to board.o(.text.stopWDT) for [Anonymous Symbol]
    board.o(.text.registerInterruptHandler) refers to board.o(.bss.pIrqEventHandler) for pIrqEventHandler
    board.o(.ARM.exidx.text.registerInterruptHandler) refers to board.o(.text.registerInterruptHandler) for [Anonymous Symbol]
    board.o(.text.CC3100_disable) refers to gpio.o(i.GPIOPinWrite) for GPIOPinWrite
    board.o(.ARM.exidx.text.CC3100_disable) refers to board.o(.text.CC3100_disable) for [Anonymous Symbol]
    board.o(.text.CC3100_enable) refers to gpio.o(i.GPIOPinWrite) for GPIOPinWrite
    board.o(.ARM.exidx.text.CC3100_enable) refers to board.o(.text.CC3100_enable) for [Anonymous Symbol]
    board.o(.text.CC3100_InterruptEnable) refers to gpio.o(i.GPIOIntEnable) for GPIOIntEnable
    board.o(.ARM.exidx.text.CC3100_InterruptEnable) refers to board.o(.text.CC3100_InterruptEnable) for [Anonymous Symbol]
    board.o(.text.CC3100_InterruptDisable) refers to gpio.o(i.GPIOIntDisable) for GPIOIntDisable
    board.o(.ARM.exidx.text.CC3100_InterruptDisable) refers to board.o(.text.CC3100_InterruptDisable) for [Anonymous Symbol]
    board.o(.text.MaskIntHdlr) refers to board.o(.bss.IntIsMasked) for IntIsMasked
    board.o(.ARM.exidx.text.MaskIntHdlr) refers to board.o(.text.MaskIntHdlr) for [Anonymous Symbol]
    board.o(.text.UnMaskIntHdlr) refers to board.o(.bss.IntIsMasked) for IntIsMasked
    board.o(.ARM.exidx.text.UnMaskIntHdlr) refers to board.o(.text.UnMaskIntHdlr) for [Anonymous Symbol]
    board.o(.text.Delay) refers to sysctl.o(i.SysCtlClockGet) for SysCtlClockGet
    board.o(.text.Delay) refers to sysctl.o(.emb_text) for SysCtlDelay
    board.o(.ARM.exidx.text.Delay) refers to board.o(.text.Delay) for [Anonymous Symbol]
    board.o(.text.GPIOB_intHandler) refers to gpio.o(i.GPIOIntStatus) for GPIOIntStatus
    board.o(.text.GPIOB_intHandler) refers to gpio.o(i.GPIOIntClear) for GPIOIntClear
    board.o(.text.GPIOB_intHandler) refers to board.o(.bss.pIrqEventHandler) for pIrqEventHandler
    board.o(.ARM.exidx.text.GPIOB_intHandler) refers to board.o(.text.GPIOB_intHandler) for [Anonymous Symbol]
    board.o(.text.UART1_intHandler) refers to uart.o(.text.UARTIntStatus) for UARTIntStatus
    board.o(.text.UART1_intHandler) refers to uart.o(.text.UARTIntClear) for UARTIntClear
    board.o(.ARM.exidx.text.UART1_intHandler) refers to board.o(.text.UART1_intHandler) for [Anonymous Symbol]
    led.o(.ARM.exidx.text.LED_Init) refers to led.o(.text.LED_Init) for [Anonymous Symbol]
    led.o(.ARM.exidx.text.Board_Input) refers to led.o(.text.Board_Input) for [Anonymous Symbol]
    led.o(.ARM.exidx.text.LED_RedOn) refers to led.o(.text.LED_RedOn) for [Anonymous Symbol]
    led.o(.ARM.exidx.text.LED_RedOff) refers to led.o(.text.LED_RedOff) for [Anonymous Symbol]
    led.o(.ARM.exidx.text.LED_RedToggle) refers to led.o(.text.LED_RedToggle) for [Anonymous Symbol]
    led.o(.ARM.exidx.text.LED_BlueToggle) refers to led.o(.text.LED_BlueToggle) for [Anonymous Symbol]
    led.o(.ARM.exidx.text.LED_GreenToggle) refers to led.o(.text.LED_GreenToggle) for [Anonymous Symbol]
    led.o(.ARM.exidx.text.LED_GreenOn) refers to led.o(.text.LED_GreenOn) for [Anonymous Symbol]
    led.o(.ARM.exidx.text.LED_GreenOff) refers to led.o(.text.LED_GreenOff) for [Anonymous Symbol]
    device.o(.text.sl_Task) refers to nonos.o(.text._SlNonOsMainLoopTask) for _SlNonOsMainLoopTask
    device.o(.ARM.exidx.text.sl_Task) refers to device.o(.text.sl_Task) for [Anonymous Symbol]
    device.o(.ARM.exidx.text.GetStartResponseConvert) refers to device.o(.text.GetStartResponseConvert) for [Anonymous Symbol]
    device.o(.text.sl_Start) refers to driver.o(.text._SlDrvDriverCBInit) for _SlDrvDriverCBInit
    device.o(.text.sl_Start) refers to spi.o(.text.spi_Open) for spi_Open
    device.o(.text.sl_Start) refers to driver.o(.text._SlDrvWaitForPoolObj) for _SlDrvWaitForPoolObj
    device.o(.text.sl_Start) refers to nonos.o(.text._SlNonOsSemGet) for _SlNonOsSemGet
    device.o(.text.sl_Start) refers to device.o(.text.OUTLINED_FUNCTION_2) for OUTLINED_FUNCTION_2
    device.o(.text.sl_Start) refers to board.o(.text.CC3100_disable) for CC3100_disable
    device.o(.text.sl_Start) refers to board.o(.text.registerInterruptHandler) for registerInterruptHandler
    device.o(.text.sl_Start) refers to board.o(.text.CC3100_enable) for CC3100_enable
[...]
    __arm_cp.5_0                             0x00002094   Number         4  driver.o(.text._SlDrvMsgReadSpawnCtx)
    [Anonymous Symbol]                       0x00002098   Section        0  driver.o(.text._SlDrvMsgWrite)
    __arm_cp.7_1                             0x00002168   Number         4  driver.o(.text._SlDrvMsgWrite)
    [Anonymous Symbol]                       0x0000216c   Section        0  netapp.o(.text._SlDrvNetAppEventHandler)
    [Anonymous Symbol]                       0x0000223c   Section        0  driver.o(.text._SlDrvObjInit)
    [Anonymous Symbol]                       0x00002270   Section        0  driver.o(.text._SlDrvReleasePoolObj)
    __arm_cp.12_0                            0x0000234c   Number         4  driver.o(.text._SlDrvReleasePoolObj)
    [Anonymous Symbol]                       0x00002350   Section        0  driver.o(.text._SlDrvRxHdrRead)
    __arm_cp.15_0                            0x00002474   Number         4  driver.o(.text._SlDrvRxHdrRead)
    __arm_cp.15_1                            0x00002478   Number         4  driver.o(.text._SlDrvRxHdrRead)
    __arm_cp.15_2                            0x0000247c   Number         4  driver.o(.text._SlDrvRxHdrRead)
    __arm_cp.15_3                            0x00002480   Number         4  driver.o(.text._SlDrvRxHdrRead)
    [Anonymous Symbol]                       0x00002484   Section        0  driver.o(.text._SlDrvRxIrqHandler)
    __arm_cp.4_1                             0x000024b8   Number         4  driver.o(.text._SlDrvRxIrqHandler)
    [Anonymous Symbol]                       0x000024bc   Section        0  driver.o(.text._SlDrvShiftDWord)
    [Anonymous Symbol]                       0x000024d4   Section        0  driver.o(.text._SlDrvWaitForPoolObj)
    __arm_cp.11_0                            0x000025b4   Number         4  driver.o(.text._SlDrvWaitForPoolObj)
    [Anonymous Symbol]                       0x000025b8   Section        0  driver.o(.text._SlFindAndSetActiveObj)
    __arm_cp.17_1                            0x00002648   Number         4  driver.o(.text._SlFindAndSetActiveObj)
    __arm_cp.17_2                            0x0000264c   Number         4  driver.o(.text._SlFindAndSetActiveObj)
    [Anonymous Symbol]                       0x00002650   Section        0  nonos.o(.text._SlNonOsMainLoopTask)
    [Anonymous Symbol]                       0x00002688   Section        0  nonos.o(.text._SlNonOsSemGet)
    [Anonymous Symbol]                       0x000026b8   Section        0  nonos.o(.text._SlNonOsSemSet)
    [Anonymous Symbol]                       0x000026c0   Section        0  nonos.o(.text._SlNonOsSpawn)
    __arm_cp.3_0                             0x000026dc   Number         4  nonos.o(.text._SlNonOsSpawn)
    [Anonymous Symbol]                       0x000026e0   Section        0  driver.o(.text._SlRemoveFromList)
    __arm_cp.21_0                            0x00002720   Number         4  driver.o(.text._SlRemoveFromList)
    [Anonymous Symbol]                       0x00002724   Section        0  socket.o(.text._sl_BuildAddress)
    [Anonymous Symbol]                       0x0000274c   Section        0  socket.o(.text._sl_HandleAsync_Accept)
    [Anonymous Symbol]                       0x00002794   Section        0  socket.o(.text._sl_HandleAsync_Connect)
    [Anonymous Symbol]                       0x000027dc   Section        0  netapp.o(.text._sl_HandleAsync_DnsGetHostByName)
    __arm_cp.10_0                            0x00002834   Number         4  netapp.o(.text._sl_HandleAsync_DnsGetHostByName)
    [Anonymous Symbol]                       0x00002838   Section        0  netapp.o(.text._sl_HandleAsync_DnsGetHostByService)
    __arm_cp.7_0                             0x0000288c   Number         4  netapp.o(.text._sl_HandleAsync_DnsGetHostByService)
    [Anonymous Symbol]                       0x00002890   Section        0  device.o(.text._sl_HandleAsync_InitComplete)
    __arm_cp.3_0                             0x000028d0   Number         4  device.o(.text._sl_HandleAsync_InitComplete)
    [Anonymous Symbol]                       0x000028d4   Section        0  netapp.o(.text._sl_HandleAsync_PingResponse)
    __arm_cp.12_0                            0x00002940   Number         4  netapp.o(.text._sl_HandleAsync_PingResponse)
    [Anonymous Symbol]                       0x00002944   Section        0  socket.o(.text._sl_HandleAsync_Select)
    [Anonymous Symbol]                       0x0000297c   Section        0  device.o(.text._sl_HandleAsync_Stop)
    __arm_cp.4_0                             0x0000299c   Number         4  device.o(.text._sl_HandleAsync_Stop)
    [Anonymous Symbol]                       0x000029a0   Section        0  socket.o(.text._sl_TruncatePayloadByProtocol)
    commandList                              0x000029ed   Thumb Code    74  st7735.o(.text.commandList)
    [Anonymous Symbol]                       0x000029ec   Section        0  st7735.o(.text.commandList)
    commonInit                               0x00002a39   Thumb Code   248  st7735.o(.text.commonInit)
    [Anonymous Symbol]                       0x00002a38   Section        0  st7735.o(.text.commonInit)
    __arm_cp.2_0                             0x00002b30   Number         4  st7735.o(.text.commonInit)
    __arm_cp.2_1                             0x00002b34   Number         4  st7735.o(.text.commonInit)
    __arm_cp.2_2                             0x00002b38   Number         4  st7735.o(.text.commonInit)
    __arm_cp.2_3                             0x00002b3c   Number         4  st7735.o(.text.commonInit)
    __arm_cp.2_4                             0x00002b40   Number         4  st7735.o(.text.commonInit)
    __arm_cp.2_5                             0x00002b44   Number         4  st7735.o(.text.commonInit)
    __arm_cp.2_6                             0x00002b48   Number         4  st7735.o(.text.commonInit)
    __arm_cp.2_7                             0x00002b4c   Number         4  st7735.o(.text.commonInit)
    __arm_cp.2_8                             0x00002b50   Number         4  st7735.o(.text.commonInit)
    __arm_cp.2_9                             0x00002b54   Number         4  st7735.o(.text.commonInit)
    __arm_cp.2_10                            0x00002b58   Number         4  st7735.o(.text.commonInit)
    __arm_cp.2_11                            0x00002b5c   Number         4  st7735.o(.text.commonInit)
    [Anonymous Symbol]                       0x00002b60   Section        0  getweather.o(.text.getWeather)
    __arm_cp.9_61                            0x00002f84   Number         4  getweather.o(.text.getWeather)
    __arm_cp.9_62                            0x00002f88   Number         4  getweather.o(.text.getWeather)
    __arm_cp.9_63                            0x00002f8c   Number         4  getweather.o(.text.getWeather)
    __arm_cp.9_64                            0x00002f90   Number         4  getweather.o(.text.getWeather)
    __arm_cp.9_0                             0x00003110   Number         4  getweather.o(.text.getWeather)
    __arm_cp.9_1                             0x00003114   Number         4  getweather.o(.text.getWeather)
    __arm_cp.9_3                             0x00003140   Number         4  getweather.o(.text.getWeather)
    __arm_cp.9_9                             0x0000318c   Number         4  getweather.o(.text.getWeather)
    __arm_cp.9_11                            0x000031a8   Number         4  getweather.o(.text.getWeather)
    __arm_cp.9_12                            0x000031ac   Number         4  getweather.o(.text.getWeather)
    __arm_cp.9_16                            0x000031b0   Number         4  getweather.o(.text.getWeather)
    __arm_cp.9_18                            0x000031b4   Number         4  getweather.o(.text.getWeather)
    __arm_cp.9_19                            0x000031b8   Number         4  getweather.o(.text.getWeather)
    __arm_cp.9_20                            0x000031bc   Number         4  getweather.o(.text.getWeather)
    __arm_cp.9_21                            0x000031c0   Number         4  getweather.o(.text.getWeather)
    __arm_cp.9_22                            0x000031c4   Number         4  getweather.o(.text.getWeather)
    __arm_cp.9_26                            0x000031dc   Number         4  getweather.o(.text.getWeather)
    __arm_cp.9_28                            0x000031e8   Number         4  getweather.o(.text.getWeather)
    __arm_cp.9_29                            0x000031ec   Number         4  getweather.o(.text.getWeather)
    __arm_cp.9_30                            0x000031f0   Number         4  getweather.o(.text.getWeather)
    __arm_cp.9_31                            0x000031f4   Number         4  getweather.o(.text.getWeather)
    __arm_cp.9_32                            0x000031f8   Number         4  getweather.o(.text.getWeather)
    __arm_cp.9_33                            0x000031fc   Number         4  getweather.o(.text.getWeather)
    __arm_cp.9_34                            0x00003200   Number         4  getweather.o(.text.getWeather)
    __arm_cp.9_35                            0x00003204   Number         4  getweather.o(.text.getWeather)
    __arm_cp.9_36                            0x00003208   Number         4  getweather.o(.text.getWeather)
    __arm_cp.9_38                            0x00003214   Number         4  getweather.o(.text.getWeather)
    __arm_cp.9_39                            0x00003218   Number         4  getweather.o(.text.getWeather)
    __arm_cp.9_40                            0x0000321c   Number         4  getweather.o(.text.getWeather)
    __arm_cp.9_41                            0x00003220   Number         4  getweather.o(.text.getWeather)
    __arm_cp.9_42                            0x00003224   Number         4  getweather.o(.text.getWeather)
    __arm_cp.9_43                            0x00003228   Number         4  getweather.o(.text.getWeather)
    __arm_cp.9_44                            0x0000322c   Number         4  getweather.o(.text.getWeather)
    __arm_cp.9_45                            0x00003230   Number         4  getweather.o(.text.getWeather)
    __arm_cp.9_46                            0x00003234   Number         4  getweather.o(.text.getWeather)
    __arm_cp.9_47                            0x00003238   Number         4  getweather.o(.text.getWeather)
    __arm_cp.9_48                            0x0000323c   Number         4  getweather.o(.text.getWeather)
    __arm_cp.9_49                            0x00003240   Number         4  getweather.o(.text.getWeather)
    __arm_cp.9_50                            0x00003244   Number         4  getweather.o(.text.getWeather)
    __arm_cp.9_51                            0x00003248   Number         4  getweather.o(.text.getWeather)
    __arm_cp.9_52                            0x0000324c   Number         4  getweather.o(.text.getWeather)
    __arm_cp.9_53                            0x00003250   Number         4  getweather.o(.text.getWeather)
    __arm_cp.9_54                            0x00003254   Number         4  getweather.o(.text.getWeather)
    __arm_cp.9_55                            0x00003258   Number         4  getweather.o(.text.getWeather)
    __arm_cp.9_56                            0x0000325c   Number         4  getweather.o(.text.getWeather)
    __arm_cp.9_57                            0x00003260   Number         4  getweather.o(.text.getWeather)
    __arm_cp.9_58                            0x00003264   Number         4  getweather.o(.text.getWeather)
    __arm_cp.9_59                            0x00003268   Number         4  getweather.o(.text.getWeather)
    [Anonymous Symbol]                       0x0000326c   Section        0  board.o(.text.initClk)
    __arm_cp.0_0                             0x00003280   Number         4  board.o(.text.initClk)
    [Anonymous Symbol]                       0x00003284   Section        0  getweather.o(.text.main)
    __arm_cp.7_0                             0x00003488   Number         4  getweather.o(.text.main)
    __arm_cp.7_1                             0x0000348c   Number         4  getweather.o(.text.main)
    __arm_cp.7_2                             0x00003490   Number         4  getweather.o(.text.main)
    __arm_cp.7_3                             0x00003494   Number         4  getweather.o(.text.main)
    __arm_cp.7_4                             0x00003498   Number         4  getweather.o(.text.main)
    __arm_cp.7_7                             0x000034b8   Number         4  getweather.o(.text.main)
    __arm_cp.7_8                             0x000034bc   Number         4  getweather.o(.text.main)
    pushColor                                0x000034c1   Thumb Code    20  st7735.o(.text.pushColor)
    [Anonymous Symbol]                       0x000034c0   Section        0  st7735.o(.text.pushColor)
    [Anonymous Symbol]                       0x000034d4   Section        0  board.o(.text.registerInterruptHandler)
    __arm_cp.2_0                             0x000034dc   Number         4  board.o(.text.registerInterruptHandler)
    setAddrWindow                            0x000034e1   Thumb Code    96  st7735.o(.text.setAddrWindow)
    [Anonymous Symbol]                       0x000034e0   Section        0  st7735.o(.text.setAddrWindow)
    __arm_cp.10_0                            0x00003540   Number         4  st7735.o(.text.setAddrWindow)
    __arm_cp.10_1                            0x00003544   Number         4  st7735.o(.text.setAddrWindow)
    __arm_cp.10_2                            0x00003548   Number         4  st7735.o(.text.setAddrWindow)
    [Anonymous Symbol]                       0x0000354c   Section        0  socket.o(.text.sl_Close)
    __arm_cp.4_0                             0x00003564   Number         4  socket.o(.text.sl_Close)
    [Anonymous Symbol]                       0x00003568   Section        0  socket.o(.text.sl_Connect)
    [Anonymous Symbol]                       0x00003644   Section        0  device.o(.text.sl_DevGet)
    __arm_cp.8_0                             0x000036a8   Number         4  device.o(.text.sl_DevGet)
    __arm_cp.8_1                             0x000036ac   Number         4  device.o(.text.sl_DevGet)
    [Anonymous Symbol]                       0x000036b0   Section        0  socket.o(.text.sl_Htonl)
    [Anonymous Symbol]                       0x000036b4   Section        0  socket.o(.text.sl_Htons)
    [Anonymous Symbol]                       0x000036b8   Section        0  netapp.o(.text.sl_NetAppDnsGetHostByName)
    __arm_cp.9_0                             0x00003788   Number         4  netapp.o(.text.sl_NetAppDnsGetHostByName)
    __arm_cp.9_2                             0x0000378c   Number         4  netapp.o(.text.sl_NetAppDnsGetHostByName)
    [Anonymous Symbol]                       0x00003790   Section        0  netapp.o(.text.sl_NetAppMDNSRegisterUnregisterService)
    __arm_cp.3_0                             0x00003810   Number         4  netapp.o(.text.sl_NetAppMDNSRegisterUnregisterService)
    [Anonymous Symbol]                       0x00003814   Section        0  netapp.o(.text.sl_NetAppMDNSUnRegisterService)
    [Anonymous Symbol]                       0x00003828   Section        0  netapp.o(.text.sl_NetAppSendTokenValue)
    __arm_cp.15_0                            0x00003870   Number         4  netapp.o(.text.sl_NetAppSendTokenValue)
    [Anonymous Symbol]                       0x00003874   Section        0  netcfg.o(.text.sl_NetCfgSet)
    __arm_cp.0_0                             0x000038ac   Number         4  netcfg.o(.text.sl_NetCfgSet)
    [Anonymous Symbol]                       0x000038b0   Section        0  socket.o(.text.sl_Recv)
    __arm_cp.16_0                            0x000038ec   Number         4  socket.o(.text.sl_Recv)
    [Anonymous Symbol]                       0x000038f0   Section        0  socket.o(.text.sl_Send)
    __arm_cp.10_0                            0x00003984   Number         4  socket.o(.text.sl_Send)
    __arm_cp.10_1                            0x00003988   Number         4  socket.o(.text.sl_Send)
    [Anonymous Symbol]                       0x0000398c   Section        0  socket.o(.text.sl_Socket)
    __arm_cp.3_0                             0x000039b8   Number         4  socket.o(.text.sl_Socket)
    [Anonymous Symbol]                       0x000039bc   Section        0  device.o(.text.sl_Start)
    __arm_cp.2_0                             0x00003a58   Number         4  device.o(.text.sl_Start)
    __arm_cp.2_1                             0x00003a5c   Number         4  device.o(.text.sl_Start)
    __arm_cp.2_2                             0x00003a60   Number         4  device.o(.text.sl_Start)
    [Anonymous Symbol]                       0x00003a64   Section        0  device.o(.text.sl_Stop)
    __arm_cp.5_0                             0x00003b14   Number         4  device.o(.text.sl_Stop)
    __arm_cp.5_1                             0x00003b18   Number         4  device.o(.text.sl_Stop)
    __arm_cp.5_2                             0x00003b1c   Number         4  device.o(.text.sl_Stop)
    [Anonymous Symbol]                       0x00003b20   Section        0  wlan.o(.text.sl_WlanConnect)
    __arm_cp.0_0                             0x00003ca0   Number         4  wlan.o(.text.sl_WlanConnect)
    [Anonymous Symbol]                       0x00003ca4   Section        0  wlan.o(.text.sl_WlanDisconnect)
    [Anonymous Symbol]                       0x00003cac   Section        0  wlan.o(.text.sl_WlanPolicySet)
    __arm_cp.2_0                             0x00003ce0   Number         4  wlan.o(.text.sl_WlanPolicySet)
    [Anonymous Symbol]                       0x00003ce4   Section        0  wlan.o(.text.sl_WlanProfileDel)
    __arm_cp.6_0                             0x00003cfc   Number         4  wlan.o(.text.sl_WlanProfileDel)
    [Anonymous Symbol]                       0x00003d00   Section        0  wlan.o(.text.sl_WlanSet)
    __arm_cp.17_0                            0x00003d38   Number         4  wlan.o(.text.sl_WlanSet)
    [Anonymous Symbol]                       0x00003d3c   Section        0  wlan.o(.text.sl_WlanSetMode)
    __arm_cp.16_0                            0x00003d54   Number         4  wlan.o(.text.sl_WlanSetMode)
    [Anonymous Symbol]                       0x00003d58   Section        0  spi.o(.text.spi_Close)
    [Anonymous Symbol]                       0x00003d64   Section        0  spi.o(.text.spi_Open)
    __arm_cp.1_0                             0x00003e28   Number         4  spi.o(.text.spi_Open)
    __arm_cp.1_1                             0x00003e2c   Number         4  spi.o(.text.spi_Open)
    __arm_cp.1_2                             0x00003e30   Number         4  spi.o(.text.spi_Open)
    __arm_cp.1_3                             0x00003e34   Number         4  spi.o(.text.spi_Open)
    __arm_cp.1_4                             0x00003e38   Number         4  spi.o(.text.spi_Open)
    __arm_cp.1_5                             0x00003e3c   Number         4  spi.o(.text.spi_Open)
    __arm_cp.1_6                             0x00003e40   Number         4  spi.o(.text.spi_Open)
    [Anonymous Symbol]                       0x00003e44   Section        0  spi.o(.text.spi_Read)
    [Anonymous Symbol]                       0x00003e90   Section        0  spi.o(.text.spi_Write)
    __arm_cp.2_0                             0x00003ed8   Number         4  spi.o(.text.spi_Write)
    writecommand                             0x00003edd   Thumb Code    24  st7735.o(.text.writecommand)
    [Anonymous Symbol]                       0x00003edc   Section        0  st7735.o(.text.writecommand)
    writedata                                0x00003ef5   Thumb Code    20  st7735.o(.text.writedata)
    [Anonymous Symbol]                       0x00003ef4   Section        0  st7735.o(.text.writedata)
    __arm_cp.8_0                             0x00003f08   Number         4  st7735.o(.text.writedata)
    __arm_cp.8_1                             0x00003f0c   Number         4  st7735.o(.text.writedata)
    i.FPUEnable                              0x00003f10   Section        0  fpu.o(i.FPUEnable)
    i.FPULazyStackingEnable                  0x00003f20   Section        0  fpu.o(i.FPULazyStackingEnable)
    i.GPIODirModeSet                         0x00003f30   Section        0  gpio.o(i.GPIODirModeSet)
    i.GPIOIntClear                           0x00003f58   Section        0  gpio.o(i.GPIOIntClear)
    i.GPIOIntDisable                         0x00003f5e   Section        0  gpio.o(i.GPIOIntDisable)
    i.GPIOIntEnable                          0x00003f6c   Section        0  gpio.o(i.GPIOIntEnable)
    i.GPIOIntStatus                          0x00003f7a   Section        0  gpio.o(i.GPIOIntStatus)
    i.GPIOIntTypeSet                         0x00003f88   Section        0  gpio.o(i.GPIOIntTypeSet)
    i.GPIOPadConfigSet                       0x00003fd8   Section        0  gpio.o(i.GPIOPadConfigSet)
    i.GPIOPinConfigure                       0x00004114   Section        0  gpio.o(i.GPIOPinConfigure)
    i.GPIOPinTypeGPIOInput                   0x0000415c   Section        0  gpio.o(i.GPIOPinTypeGPIOInput)
    i.GPIOPinTypeGPIOOutput                  0x00004178   Section        0  gpio.o(i.GPIOPinTypeGPIOOutput)
    i.GPIOPinTypeSSI                         0x00004194   Section        0  gpio.o(i.GPIOPinTypeSSI)
    i.GPIOPinWrite                           0x000041b0   Section        0  gpio.o(i.GPIOPinWrite)
    i.SSIConfigSetExpClk                     0x000041b6   Section        0  ssi.o(i.SSIConfigSetExpClk)
    i.SSIDataGetNonBlocking                  0x00004200   Section        0  ssi.o(i.SSIDataGetNonBlocking)
    i.SSIDataPutNonBlocking                  0x00004214   Section        0  ssi.o(i.SSIDataPutNonBlocking)
    i.SSIEnable                              0x00004224   Section        0  ssi.o(i.SSIEnable)
    i.SysCtlClockGet                         0x00004230   Section        0  sysctl.o(i.SysCtlClockGet)
    i.SysCtlClockSet                         0x00004394   Section        0  sysctl.o(i.SysCtlClockSet)
    i.SysCtlPeripheralEnable                 0x000044b4   Section        0  sysctl.o(i.SysCtlPeripheralEnable)
    i.SysTickIntDisable                      0x000044dc   Section        0  systick.o(i.SysTickIntDisable)
    i.SysTickIntEnable                       0x000044ea   Section        0  systick.o(i.SysTickIntEnable)
    i.SysTickIntRegister                     0x000044f8   Section        0  systick.o(i.SysTickIntRegister)
    i.SysTickValueGet                        0x00004510   Section        0  systick.o(i.SysTickValueGet)
    i.__scatterload_copy                     0x00004518   Section       14  handlers.o(i.__scatterload_copy)
    i.__scatterload_null                     0x00004526   Section        2  handlers.o(i.__scatterload_null)
    i.__scatterload_zeroinit                 0x00004528   Section       14  handlers.o(i.__scatterload_zeroinit)
    g_ppui32GPIOIntMapBlizzard               0x00004538   Data         192  gpio.o(.constdata)
    .constdata                               0x00004538   Section      528  gpio.o(.constdata)
    g_ppui32GPIOIntMapSnowflake              0x000045f8   Data         192  gpio.o(.constdata)
    g_pui32GPIOBaseAddrs                     0x000046b8   Data         144  gpio.o(.constdata)
    g_pui32VCOFrequencies                    0x00004748   Data           8  sysctl.o(.constdata)
    .constdata                               0x00004748   Section      452  sysctl.o(.constdata)
    g_pui32Xtals                             0x00004750   Data         108  sysctl.o(.constdata)
    g_pppui32XTALtoVCO                       0x000047bc   Data         288  sysctl.o(.constdata)
    g_sXTALtoMEMTIM                          0x000048dc   Data          48  sysctl.o(.constdata)
    Rcmd1                                    0x00005816   Data          59  st7735.o(.rodata.Rcmd1)
    [Anonymous Symbol]                       0x00005816   Section        0  st7735.o(.rodata.Rcmd1)
    Rcmd2green                               0x00005851   Data          13  st7735.o(.rodata.Rcmd2green)
    [Anonymous Symbol]                       0x00005851   Section        0  st7735.o(.rodata.Rcmd2green)
    Rcmd2red                                 0x0000585e   Data          13  st7735.o(.rodata.Rcmd2red)
    [Anonymous Symbol]                       0x0000585e   Section        0  st7735.o(.rodata.Rcmd2red)
    Rcmd3                                    0x0000586b   Data          43  st7735.o(.rodata.Rcmd3)
    [Anonymous Symbol]                       0x0000586b   Section        0  st7735.o(.rodata.Rcmd3)
    g_pui32EnRegs                            0x000063a8   Data          20  interrupt.o(.rodata.g_pui32EnRegs)
    [Anonymous Symbol]                       0x000063a8   Section        0  interrupt.o(.rodata.g_pui32EnRegs)
    g_ui32UARTInt                            0x000063bc   Data          12  uartstdio.o(.rodata.g_ui32UARTInt)
    [Anonymous Symbol]                       0x000063bc   Section        0  uartstdio.o(.rodata.g_ui32UARTInt)
    [Anonymous Symbol]                       0x00006e58   Section        0  getweather.o(.rodata.str1.1)
    [Anonymous Symbol]                       0x00007090   Section        0  getweather.o(.rodata.str1.4)
    _rand_state                              0x20000000   Data           4  rand.o(.data)
    .data                                    0x20000000   Section        4  rand.o(.data)
    [Anonymous Symbol]                       0x20000004   Section        0  displayweather.o(.data..L_MergedGlobals)
    g_pfnRAMVectors                          0x20000400   Data         620  interrupt.o(vtable)
    [Anonymous Symbol]                       0x20000400   Section        0  interrupt.o(vtable)
    ColStart                                 0x20000670   Data           1  st7735.o(.bss..L_MergedGlobals)
    [Anonymous Symbol]                       0x20000670   Section        0  st7735.o(.bss..L_MergedGlobals)
    RowStart                                 0x20000671   Data           1  st7735.o(.bss..L_MergedGlobals)
    TabColor                                 0x20000672   Data           1  st7735.o(.bss..L_MergedGlobals)
    _width                                   0x20000674   Data           1  st7735.o(.bss..L_MergedGlobals)
    _height                                  0x20000676   Data           1  st7735.o(.bss..L_MergedGlobals)
    g_bDisableEcho                           0x200006a4   Data           1  uartstdio.o(.bss..L_MergedGlobals)
    [Anonymous Symbol]                       0x200006a4   Section        0  uartstdio.o(.bss..L_MergedGlobals)
    UARTStdioIntHandler.bLastWasCR           0x200006a5   Data           1  uartstdio.o(.bss..L_MergedGlobals)
    g_ui32Base                               0x200006a8   Data           4  uartstdio.o(.bss..L_MergedGlobals)
    g_ui32PortNum                            0x200006ac   Data           4  uartstdio.o(.bss..L_MergedGlobals)
    g_ui32UARTTxReadIndex                    0x200006b0   Data           4  uartstdio.o(.bss..L_MergedGlobals)
    g_ui32UARTTxWriteIndex                   0x200006b4   Data           4  uartstdio.o(.bss..L_MergedGlobals)
    g_ui32UARTRxReadIndex                    0x200006b8   Data           4  uartstdio.o(.bss..L_MergedGlobals)
    g_ui32UARTRxWriteIndex                   0x200006bc   Data           4  uartstdio.o(.bss..L_MergedGlobals)
    [Anonymous Symbol]                       0x200006c0   Section        0  getweather.o(.bss..L_MergedGlobals)
    option                                   0x200006c4   Data           1  getweather.o(.bss..L_MergedGlobals)
    g_pcUARTRxBuffer                         0x20001110   Data         128  uartstdio.o(.bss.g_pcUARTRxBuffer)
    [Anonymous Symbol]                       0x20001110   Section        0  uartstdio.o(.bss.g_pcUARTRxBuffer)
    g_pcUARTTxBuffer                         0x20001190   Data        1024  uartstdio.o(.bss.g_pcUARTTxBuffer)
    [Anonymous Symbol]                       0x20001190   Section        0  uartstdio.o(.bss.g_pcUARTTxBuffer)
    StackMem                                 0x20001668   Data           0  startup_rvmdk.o(STACK)
    STACK                                    0x20001668   Section    16384  startup_rvmdk.o(STACK)

    Global Symbols

    Symbol Name                              Value     Ov Type        Size  Object(Section)

    BuildAttributes$$THM_ISAv4$E$P$D$K$B$S$7EM$VFPi3$EXTD16$VFPS$VFMA$PE$A:L22UL41UL21$X:L11$S22US41US21$IEEE1$IW$~IW$USESV6$~STKCKD$USESV7$~SHL$OTIME$EBA8$MICROLIB$REQ8$PRES8$EABIv2 0x00000000   Number         0  anon$$obj.o ABSOLUTE
    __Vectors                                0x00000000   Data           0  startup_rvmdk.o(RESET)
    __cpp_initialize__aeabi_                  - Undefined Weak Reference
    __cxa_finalize                            - Undefined Weak Reference
    _clock_init                               - Undefined Weak Reference
    _microlib_exit                            - Undefined Weak Reference
    WaitForInterrupt                         0x0000026d   Thumb Code     0  startup_rvmdk.o(RESET)
    DisableInterrupts                        0x00000271   Thumb Code     0  startup_rvmdk.o(RESET)
    EnableInterrupts                         0x00000275   Thumb Code     0  startup_rvmdk.o(RESET)
    Reset_Handler                            0x00000279   Thumb Code     0  startup_rvmdk.o(RESET)
    __main                                   0x00000295   Thumb Code     0  entry.o(.ARM.Collect$$$$00000000)
    _main_stk                                0x00000295   Thumb Code     0  entry2.o(.ARM.Collect$$$$00000001)
    _main_scatterload                        0x00000299   Thumb Code     0  entry5.o(.ARM.Collect$$$$00000004)
    __main_after_scatterload                 0x0000029d   Thumb Code     0  entry5.o(.ARM.Collect$$$$00000004)
    _main_clock                              0x0000029d   Thumb Code     0  entry7b.o(.ARM.Collect$$$$00000008)
    _main_cpp_init                           0x0000029d   Thumb Code     0  entry8b.o(.ARM.Collect$$$$0000000A)
    _main_init                               0x0000029d   Thumb Code     0  entry9a.o(.ARM.Collect$$$$0000000B)
    __rt_final_cpp                           0x000002a5   Thumb Code     0  entry10a.o(.ARM.Collect$$$$0000000D)
    __rt_final_exit                          0x000002a5   Thumb Code     0  entry11a.o(.ARM.Collect$$$$0000000F)
    CPUcpsid                                 0x000002a9   Thumb Code     8  cpu.o(.emb_text)
    CPUprimask                               0x000002b1   Thumb Code     6  cpu.o(.emb_text)
    CPUcpsie                                 0x000002b7   Thumb Code     8  cpu.o(.emb_text)
    CPUwfi                                   0x000002bf   Thumb Code     4  cpu.o(.emb_text)
    CPUbasepriSet                            0x000002c3   Thumb Code     6  cpu.o(.emb_text)
    CPUbasepriGet                            0x000002c9   Thumb Code     6  cpu.o(.emb_text)
    SysCtlDelay                              0x000002d1   Thumb Code     6  sysctl.o(.emb_text)
    rand                                     0x000002d9   Thumb Code    20  rand.o(.text)
    srand                                    0x000002ed   Thumb Code     6  rand.o(.text)
    __aeabi_memcpy                           0x000002fd   Thumb Code    36  memcpya.o(.text)
    __aeabi_memcpy4                          0x000002fd   Thumb Code     0  memcpya.o(.text)
    __aeabi_memcpy8                          0x000002fd   Thumb Code     0  memcpya.o(.text)
    __aeabi_memset                           0x00000321   Thumb Code    14  memseta.o(.text)
    __aeabi_memset4                          0x00000321   Thumb Code     0  memseta.o(.text)
    __aeabi_memset8                          0x00000321   Thumb Code     0  memseta.o(.text)
    __aeabi_memclr                           0x0000032f   Thumb Code     4  memseta.o(.text)
    __aeabi_memclr4                          0x0000032f   Thumb Code     0  memseta.o(.text)
    __aeabi_memclr8                          0x0000032f   Thumb Code     0  memseta.o(.text)
    _memset$wrapper                          0x00000333   Thumb Code    18  memseta.o(.text)
    strcat                                   0x00000345   Thumb Code    24  strcat.o(.text)
    strstr                                   0x0000035d   Thumb Code    36  strstr.o(.text)
    strchr                                   0x00000381   Thumb Code    20  strchr.o(.text)
    strlen                                   0x00000395   Thumb Code    14  strlen.o(.text)
    memcmp                                   0x000003a3   Thumb Code    26  memcmp.o(.text)
    strcpy                                   0x000003bd   Thumb Code    18  strcpy.o(.text)
    __scatterload                            0x000003d1   Thumb Code    38  init.o(.text)
    __scatterload_rt2                        0x000003d1   Thumb Code     0  init.o(.text)
    __decompress                             0x00000401   Thumb Code     0  __dczerorl.o(.text)
    __decompress0                            0x00000401   Thumb Code    58  __dczerorl.o(.text)
    CC3100_InterruptDisable                  0x0000043d   Thumb Code     8  board.o(.text.CC3100_InterruptDisable)
    CC3100_InterruptEnable                   0x00000445   Thumb Code     8  board.o(.text.CC3100_InterruptEnable)
    CC3100_disable                           0x0000044d   Thumb Code    12  board.o(.text.CC3100_disable)
    CC3100_enable                            0x00000459   Thumb Code    12  board.o(.text.CC3100_enable)
    Crash                                    0x00000469   Thumb Code     6  getweather.o(.text.Crash)
    Delay1ms                                 0x0000046f   Thumb Code    30  st7735.o(.text.Delay1ms)
    Delay_1ms                                0x0000048d   Thumb Code     4  systick.o(.text.Delay_1ms)
    GPIOB_intHandler                         0x00000491   Thumb Code    44  board.o(.text.GPIOB_intHandler)
    GetStartResponseConvert                  0x000004c5   Thumb Code    68  device.o(.text.GetStartResponseConvert)
    IntEnable                                0x00000509   Thumb Code    76  interrupt.o(.text.IntEnable)
    IntMasterEnable                          0x00000561   Thumb Code    14  interrupt.o(.text.IntMasterEnable)
    IntRegister                              0x00000571   Thumb Code    40  interrupt.o(.text.IntRegister)
    LED_GreenOn                              0x000005a1   Thumb Code     8  led.o(.text.LED_GreenOn)
    LED_Init                                 0x000005ad   Thumb Code    60  led.o(.text.LED_Init)
    LED_RedToggle                            0x000005f9   Thumb Code    12  led.o(.text.LED_RedToggle)
    ST7735_DrawBitmap                        0x00000859   Thumb Code   232  st7735.o(.text.ST7735_DrawBitmap)
    ST7735_DrawCharS                         0x00000941   Thumb Code   188  st7735.o(.text.ST7735_DrawCharS)
    ST7735_DrawCircle                        0x00000a01   Thumb Code   268  st7735.o(.text.ST7735_DrawCircle)
    ST7735_DrawFastHLine                     0x00000b11   Thumb Code    80  st7735.o(.text.ST7735_DrawFastHLine)
    ST7735_DrawFastVLine                     0x00000b61   Thumb Code    88  st7735.o(.text.ST7735_DrawFastVLine)
    ST7735_DrawLine                          0x00000bbd   Thumb Code   160  st7735.o(.text.ST7735_DrawLine)
    ST7735_DrawPixel                         0x00000c5d   Thumb Code    72  st7735.o(.text.ST7735_DrawPixel)
    ST7735_DrawString                        0x00000ca5   Thumb Code   132  st7735.o(.text.ST7735_DrawString)
    ST7735_FillRect                          0x00000d2d   Thumb Code   124  st7735.o(.text.ST7735_FillRect)
    ST7735_FillScreen                        0x00000da9   Thumb Code    36  st7735.o(.text.ST7735_FillScreen)
    ST7735_InitR                             0x00000dcd   Thumb Code    88  st7735.o(.text.ST7735_InitR)
    ST7735_OutChar                           0x00000e35   Thumb Code   128  st7735.o(.text.ST7735_OutChar)
    ST7735_OutString                         0x00000ed9   Thumb Code    18  st7735.o(.text.ST7735_OutString)
    ST7735_SetFont                           0x00000eed   Thumb Code     8  st7735.o(.text.ST7735_SetFont)
    SimpleLinkHttpServerCallback             0x00000ef9   Thumb Code     8  getweather.o(.text.SimpleLinkHttpServerCallback)
    SimpleLinkNetAppEventHandler             0x00000f25   Thumb Code    24  getweather.o(.text.SimpleLinkNetAppEventHandler)
    SimpleLinkWlanEventHandler               0x00000f61   Thumb Code    56  getweather.o(.text.SimpleLinkWlanEventHandler)
    SysTick_Handler                          0x00001015   Thumb Code    88  getweather.o(.text.SysTick_Handler)
    SysTick_Init                             0x0000108d   Thumb Code    40  systick.o(.text.SysTick_Init)
    SysTick_Wait                             0x000010b5   Thumb Code    36  systick.o(.text.SysTick_Wait)
    UART0_InChar                             0x000010e1   Thumb Code    16  getweather.o(.text.UART0_InChar)
    UART0_InString                           0x000010f1   Thumb Code    66  getweather.o(.text.UART0_InString)
    UART0_Init                               0x00001135   Thumb Code   164  getweather.o(.text.UART0_Init)
    UART0_NextLine                           0x000011f1   Thumb Code    18  getweather.o(.text.UART0_NextLine)
    UART0_OutChar                            0x00001205   Thumb Code    12  getweather.o(.text.UART0_OutChar)
    UARTCharGetNonBlocking                   0x00001211   Thumb Code    14  uart.o(.text.UARTCharGetNonBlocking)
    UARTCharsAvail                           0x0000121f   Thumb Code    14  uart.o(.text.UARTCharsAvail)
    UARTStdioIntHandler                      0x00001295   Thumb Code   260  uartstdio.o(.text.UARTStdioIntHandler)
    UART_OutString                           0x000013ad   Thumb Code    20  getweather.o(.text.UART_OutString)
    UARTwrite                                0x000013c5   Thumb Code   100  uartstdio.o(.text.UARTwrite)
    UpdateWeather                            0x00001435   Thumb Code   316  displayweather.o(.text.UpdateWeather)
    WeatherIcon_Draw1                        0x000015dd   Thumb Code    20  displayweather.o(.text.WeatherIcon_Draw1)
    WeatherIcon_Draw2                        0x000015fd   Thumb Code    20  displayweather.o(.text.WeatherIcon_Draw2)
    _SlAsyncEventGenericHandler              0x0000161d   Thumb Code   536  driver.o(.text._SlAsyncEventGenericHandler)
    _SlDrvBasicCmd                           0x00001835   Thumb Code    34  driver.o(.text._SlDrvBasicCmd)
    _SlDrvClassifyRxMsg                      0x00001859   Thumb Code   116  driver.o(.text._SlDrvClassifyRxMsg)
    _SlDrvCmdOp                              0x000018dd   Thumb Code    56  driver.o(.text._SlDrvCmdOp)
    _SlDrvCmdSend                            0x00001915   Thumb Code    28  driver.o(.text._SlDrvCmdSend)
    _SlDrvDataReadOp                         0x00001935   Thumb Code   264  driver.o(.text._SlDrvDataReadOp)
    _SlDrvDataWriteOp                        0x00001a41   Thumb Code   232  driver.o(.text._SlDrvDataWriteOp)
    _SlDrvDeviceEventHandler                 0x00001b29   Thumb Code    26  device.o(.text._SlDrvDeviceEventHandler)
    _SlDrvDriverCBDeinit                     0x00001b45   Thumb Code    96  driver.o(.text._SlDrvDriverCBDeinit)
    _SlDrvDriverCBInit                       0x00001ba5   Thumb Code   116  driver.o(.text._SlDrvDriverCBInit)
    _SlDrvFlowContDeinit                     0x00001c1d   Thumb Code    40  flowcont.o(.text._SlDrvFlowContDeinit)
    _SlDrvFlowContInit                       0x00001c45   Thumb Code    40  flowcont.o(.text._SlDrvFlowContInit)
    _SlDrvMsgRead                            0x00001c71   Thumb Code   780  driver.o(.text._SlDrvMsgRead)
    _SlDrvMsgReadCmdCtx                      0x00001f85   Thumb Code   144  driver.o(.text._SlDrvMsgReadCmdCtx)
    _SlDrvMsgReadSpawnCtx                    0x0000201d   Thumb Code   120  driver.o(.text._SlDrvMsgReadSpawnCtx)
    _SlDrvMsgWrite                           0x00002099   Thumb Code   208  driver.o(.text._SlDrvMsgWrite)
    _SlDrvNetAppEventHandler                 0x0000216d   Thumb Code   208  netapp.o(.text._SlDrvNetAppEventHandler)
    _SlDrvObjInit                            0x0000223d   Thumb Code    52  driver.o(.text._SlDrvObjInit)
    _SlDrvReleasePoolObj                     0x00002271   Thumb Code   220  driver.o(.text._SlDrvReleasePoolObj)
    _SlDrvRxHdrRead                          0x00002351   Thumb Code   292  driver.o(.text._SlDrvRxHdrRead)
    _SlDrvRxIrqHandler                       0x00002485   Thumb Code    52  driver.o(.text._SlDrvRxIrqHandler)
    _SlDrvShiftDWord                         0x000024bd   Thumb Code    22  driver.o(.text._SlDrvShiftDWord)
    _SlDrvWaitForPoolObj                     0x000024d5   Thumb Code   224  driver.o(.text._SlDrvWaitForPoolObj)
    _SlFindAndSetActiveObj                   0x000025b9   Thumb Code   144  driver.o(.text._SlFindAndSetActiveObj)
    _SlNonOsMainLoopTask                     0x00002651   Thumb Code    56  nonos.o(.text._SlNonOsMainLoopTask)
    _SlNonOsSemGet                           0x00002689   Thumb Code    48  nonos.o(.text._SlNonOsSemGet)
    _SlNonOsSemSet                           0x000026b9   Thumb Code     6  nonos.o(.text._SlNonOsSemSet)
    _SlNonOsSpawn                            0x000026c1   Thumb Code    28  nonos.o(.text._SlNonOsSpawn)
    _SlRemoveFromList                        0x000026e1   Thumb Code    64  driver.o(.text._SlRemoveFromList)
    _sl_BuildAddress                         0x00002725   Thumb Code    38  socket.o(.text._sl_BuildAddress)
    _sl_HandleAsync_Accept                   0x0000274d   Thumb Code    72  socket.o(.text._sl_HandleAsync_Accept)
    _sl_HandleAsync_Connect                  0x00002795   Thumb Code    72  socket.o(.text._sl_HandleAsync_Connect)
    _sl_HandleAsync_DnsGetHostByName         0x000027dd   Thumb Code    88  netapp.o(.text._sl_HandleAsync_DnsGetHostByName)
    _sl_HandleAsync_DnsGetHostByService      0x00002839   Thumb Code    84  netapp.o(.text._sl_HandleAsync_DnsGetHostByService)
    _sl_HandleAsync_InitComplete             0x00002891   Thumb Code    64  device.o(.text._sl_HandleAsync_InitComplete)
    _sl_HandleAsync_PingResponse             0x000028d5   Thumb Code   108  netapp.o(.text._sl_HandleAsync_PingResponse)
    _sl_HandleAsync_Select                   0x00002945   Thumb Code    56  socket.o(.text._sl_HandleAsync_Select)
    _sl_HandleAsync_Stop                     0x0000297d   Thumb Code    32  device.o(.text._sl_HandleAsync_Stop)
    _sl_TruncatePayloadByProtocol            0x000029a1   Thumb Code    32  socket.o(.text._sl_TruncatePayloadByProtocol)
    getWeather                               0x00002b61   Thumb Code  1456  getweather.o(.text.getWeather)
    initClk                                  0x0000326d   Thumb Code    20  board.o(.text.initClk)
    main                                     0x00003285   Thumb Code   516  getweather.o(.text.main)
    registerInterruptHandler                 0x000034d5   Thumb Code     8  board.o(.text.registerInterruptHandler)
    sl_Close                                 0x0000354d   Thumb Code    24  socket.o(.text.sl_Close)
    sl_Connect                               0x00003569   Thumb Code   220  socket.o(.text.sl_Connect)
    sl_DevGet                                0x00003645   Thumb Code   100  device.o(.text.sl_DevGet)
    sl_Htonl                                 0x000036b1   Thumb Code     4  socket.o(.text.sl_Htonl)
    sl_Htons                                 0x000036b5   Thumb Code     4  socket.o(.text.sl_Htons)
    sl_NetAppDnsGetHostByName                0x000036b9   Thumb Code   208  netapp.o(.text.sl_NetAppDnsGetHostByName)
    sl_NetAppMDNSRegisterUnregisterService   0x00003791   Thumb Code   128  netapp.o(.text.sl_NetAppMDNSRegisterUnregisterService)
    sl_NetAppMDNSUnRegisterService           0x00003815   Thumb Code    20  netapp.o(.text.sl_NetAppMDNSUnRegisterService)
    sl_NetAppSendTokenValue                  0x00003829   Thumb Code    72  netapp.o(.text.sl_NetAppSendTokenValue)
    sl_NetCfgSet                             0x00003875   Thumb Code    56  netcfg.o(.text.sl_NetCfgSet)
    sl_Recv                                  0x000038b1   Thumb Code    60  socket.o(.text.sl_Recv)
    sl_Send                                  0x000038f1   Thumb Code   148  socket.o(.text.sl_Send)
    sl_Socket                                0x0000398d   Thumb Code    44  socket.o(.text.sl_Socket)
    sl_Start                                 0x000039bd   Thumb Code   156  device.o(.text.sl_Start)
    sl_Stop                                  0x00003a65   Thumb Code   176  device.o(.text.sl_Stop)
    sl_WlanConnect                           0x00003b21   Thumb Code   384  wlan.o(.text.sl_WlanConnect)
    sl_WlanDisconnect                        0x00003ca5   Thumb Code     8  wlan.o(.text.sl_WlanDisconnect)
    sl_WlanPolicySet                         0x00003cad   Thumb Code    52  wlan.o(.text.sl_WlanPolicySet)
    sl_WlanProfileDel                        0x00003ce5   Thumb Code    24  wlan.o(.text.sl_WlanProfileDel)
    sl_WlanSet                               0x00003d01   Thumb Code    56  wlan.o(.text.sl_WlanSet)
    sl_WlanSetMode                           0x00003d3d   Thumb Code    24  wlan.o(.text.sl_WlanSetMode)
    spi_Close                                0x00003d59   Thumb Code    10  spi.o(.text.spi_Close)
    spi_Open                                 0x00003d65   Thumb Code   196  spi.o(.text.spi_Open)
    spi_Read                                 0x00003e45   Thumb Code    76  spi.o(.text.spi_Read)
    spi_Write                                0x00003e91   Thumb Code    72  spi.o(.text.spi_Write)
    FPUEnable                                0x00003f11   Thumb Code    12  fpu.o(i.FPUEnable)
    FPULazyStackingEnable                    0x00003f21   Thumb Code    12  fpu.o(i.FPULazyStackingEnable)
    GPIODirModeSet                           0x00003f31   Thumb Code    40  gpio.o(i.GPIODirModeSet)
    GPIOIntClear                             0x00003f59   Thumb Code     6  gpio.o(i.GPIOIntClear)
    GPIOIntDisable                           0x00003f5f   Thumb Code    14  gpio.o(i.GPIOIntDisable)
    GPIOIntEnable                            0x00003f6d   Thumb Code    14  gpio.o(i.GPIOIntEnable)
    GPIOIntStatus                            0x00003f7b   Thumb Code    14  gpio.o(i.GPIOIntStatus)
    GPIOIntTypeSet                           0x00003f89   Thumb Code    80  gpio.o(i.GPIOIntTypeSet)
    GPIOPadConfigSet                         0x00003fd9   Thumb Code   314  gpio.o(i.GPIOPadConfigSet)
    GPIOPinConfigure                         0x00004115   Thumb Code    64  gpio.o(i.GPIOPinConfigure)
    GPIOPinTypeGPIOInput                     0x0000415d   Thumb Code    28  gpio.o(i.GPIOPinTypeGPIOInput)
    GPIOPinTypeGPIOOutput                    0x00004179   Thumb Code    28  gpio.o(i.GPIOPinTypeGPIOOutput)
    GPIOPinTypeSSI                           0x00004195   Thumb Code    28  gpio.o(i.GPIOPinTypeSSI)
    GPIOPinWrite                             0x000041b1   Thumb Code     6  gpio.o(i.GPIOPinWrite)
    SSIConfigSetExpClk                       0x000041b7   Thumb Code    74  ssi.o(i.SSIConfigSetExpClk)
    SSIDataGetNonBlocking                    0x00004201   Thumb Code    20  ssi.o(i.SSIDataGetNonBlocking)
    SSIDataPutNonBlocking                    0x00004215   Thumb Code    16  ssi.o(i.SSIDataPutNonBlocking)
    SSIEnable                                0x00004225   Thumb Code    10  ssi.o(i.SSIEnable)
    SysCtlClockGet                           0x00004231   Thumb Code   314  sysctl.o(i.SysCtlClockGet)
    SysCtlClockSet                           0x00004395   Thumb Code   270  sysctl.o(i.SysCtlClockSet)
    SysCtlPeripheralEnable                   0x000044b5   Thumb Code    36  sysctl.o(i.SysCtlPeripheralEnable)
    SysTickIntDisable                        0x000044dd   Thumb Code    14  systick.o(i.SysTickIntDisable)
    SysTickIntEnable                         0x000044eb   Thumb Code    14  systick.o(i.SysTickIntEnable)
    SysTickIntRegister                       0x000044f9   Thumb Code    24  systick.o(i.SysTickIntRegister)
    SysTickValueGet                          0x00004511   Thumb Code     8  systick.o(i.SysTickValueGet)
    __scatterload_copy                       0x00004519   Thumb Code    14  handlers.o(i.__scatterload_copy)
    __scatterload_null                       0x00004527   Thumb Code     2  handlers.o(i.__scatterload_null)
    __scatterload_zeroinit                   0x00004529   Thumb Code    14  handlers.o(i.__scatterload_zeroinit)
    Font                                     0x0000490c   Data        1275  st7735.o(.rodata.Font)
    Font_Bold                                0x00004e07   Data        1300  st7735.o(.rodata.Font_Bold)
    Font_Thin                                0x0000531b   Data        1275  st7735.o(.rodata.Font_Thin)
    _SlActionLookupTable                     0x00005898   Data          56  driver.o(.rodata._SlActionLookupTable)
    _SlDeviceGetCmdCtrl                      0x000058d0   Data           4  device.o(.rodata._SlDeviceGetCmdCtrl)
    _SlGetHostByNameCtrl                     0x000058d4   Data           4  netapp.o(.rodata._SlGetHostByNameCtrl)
    _SlNetAppSendTokenValueCmdCtrl           0x000058d8   Data           4  netapp.o(.rodata._SlNetAppSendTokenValueCmdCtrl)
    _SlNetCfgSetCmdCtrl                      0x000058dc   Data           4  netcfg.o(.rodata._SlNetCfgSetCmdCtrl)
    _SlPolicySetCmdCtrl                      0x000058e0   Data           4  wlan.o(.rodata._SlPolicySetCmdCtrl)
    _SlProfileDelCmdCtrl                     0x000058e4   Data           4  wlan.o(.rodata._SlProfileDelCmdCtrl)
    _SlRecvCmdCtrl                           0x000058e8   Data           4  socket.o(.rodata._SlRecvCmdCtrl)
    _SlRegisterServiceCtrl                   0x000058ec   Data           4  netapp.o(.rodata._SlRegisterServiceCtrl)
    _SlSendCmdCtrl                           0x000058f0   Data           4  socket.o(.rodata._SlSendCmdCtrl)
    _SlSockCloseCmdCtrl                      0x000058f4   Data           4  socket.o(.rodata._SlSockCloseCmdCtrl)
    _SlSockSocketCmdCtrl                     0x000058f8   Data           4  socket.o(.rodata._SlSockSocketCmdCtrl)
    _SlStopCmdCtrl                           0x000058fc   Data           4  device.o(.rodata._SlStopCmdCtrl)
    _SlWlanCfgSetCmdCtrl                     0x00005900   Data           4  wlan.o(.rodata._SlWlanCfgSetCmdCtrl)
    _SlWlanSetModeCmdCtrl                    0x00005904   Data           4  wlan.o(.rodata._SlWlanSetModeCmdCtrl)
    cloud1                                   0x00005908   Data        1352  displayweather.o(.rodata.cloud1)
    cloud2                                   0x00005e50   Data        1352  displayweather.o(.rodata.cloud2)
    g_H2NCnysPattern                         0x00006398   Data           8  driver.o(.rodata.g_H2NCnysPattern)
    g_H2NSyncPattern                         0x000063a0   Data           8  driver.o(.rodata.g_H2NSyncPattern)
    rain1                                    0x000063c8   Data        1352  displayweather.o(.rodata.rain1)
    rain2                                    0x00006910   Data        1352  displayweather.o(.rodata.rain2)
    sun1                                     0x00007140   Data        1352  displayweather.o(.rodata.sun1)
    sun2                                     0x00007688   Data        1352  displayweather.o(.rodata.sun2)
    Region$$Table$$Base                      0x00007bd0   Number         0  anon$$obj.o(Region$$Table)
    Region$$Table$$Limit                     0x00007bf0   Number         0  anon$$obj.o(Region$$Table)
    size1                                    0x20000004   Data           1  displayweather.o(.data..L_MergedGlobals)
    size2                                    0x20000005   Data           1  displayweather.o(.data..L_MergedGlobals)
    StTextColor                              0x20000006   Data           2  st7735.o(.data.StTextColor)
    currentFont                              0x20000008   Data           4  st7735.o(.data.currentFont)
    StX                                      0x20000678   Data           4  st7735.o(.bss..L_MergedGlobals)
    StY                                      0x2000067c   Data           4  st7735.o(.bss..L_MergedGlobals)
    Messageindex                             0x20000680   Data           4  st7735.o(.bss..L_MergedGlobals)
    Ymax                                     0x20000684   Data           4  st7735.o(.bss..L_MergedGlobals)
    Ymin                                     0x20000688   Data           4  st7735.o(.bss..L_MergedGlobals)
    Yrange                                   0x2000068c   Data           4  st7735.o(.bss..L_MergedGlobals)
    X                                        0x20000690   Data           4  st7735.o(.bss..L_MergedGlobals)
    lastj                                    0x20000694   Data           4  st7735.o(.bss..L_MergedGlobals)
    Message                                  0x20000698   Data          12  st7735.o(.bss..L_MergedGlobals)
    updateIcon                               0x200006c0   Data           1  getweather.o(.bss..L_MergedGlobals)
    iconFrame                                0x200006c1   Data           1  getweather.o(.bss..L_MergedGlobals)
    weatherDataReceived                      0x200006c2   Data           1  getweather.o(.bss..L_MergedGlobals)
    icon                                     0x200006c3   Data           1  getweather.o(.bss..L_MergedGlobals)
    i                                        0x200006c5   Data           1  getweather.o(.bss..L_MergedGlobals)
    currentWeather                           0x200006c6   Data           1  getweather.o(.bss..L_MergedGlobals)
    pConfig                                  0x200006c8   Data           4  getweather.o(.bss..L_MergedGlobals)
    ASize                                    0x200006cc   Data           4  getweather.o(.bss..L_MergedGlobals)
    pt                                       0x200006d0   Data           4  getweather.o(.bss..L_MergedGlobals)
    g_Status                                 0x200006d4   Data           4  getweather.o(.bss..L_MergedGlobals)
    retVal                                   0x200006d8   Data           4  getweather.o(.bss..L_MergedGlobals)
    DestinationIP                            0x200006dc   Data           4  getweather.o(.bss..L_MergedGlobals)
    SockID                                   0x200006e0   Data           4  getweather.o(.bss..L_MergedGlobals)
    secParams                                0x200006e4   Data          12  getweather.o(.bss..L_MergedGlobals)
    Addr                                     0x200006f0   Data          16  getweather.o(.bss..L_MergedGlobals)
    HostName                                 0x20000700   Data          40  getweather.o(.bss..L_MergedGlobals)
    City                                     0x20000728   Data         100  getweather.o(.bss.City)
    Humidity                                 0x2000078c   Data         100  getweather.o(.bss.Humidity)
    MaxTemperature                           0x200007f0   Data         100  getweather.o(.bss.MaxTemperature)
    MinTemperature                           0x20000854   Data         100  getweather.o(.bss.MinTemperature)
    Recvbuff                                 0x200008b8   Data        1024  getweather.o(.bss.Recvbuff)
    SendBuff                                 0x20000cb8   Data         512  getweather.o(.bss.SendBuff)
    Temperature                              0x20000eb8   Data         100  getweather.o(.bss.Temperature)
    Weather                                  0x20000f1c   Data         100  getweather.o(.bss.Weather)
    g_StatMem                                0x20000f80   Data         356  driver.o(.bss.g_StatMem)
    g__SlNonOsCB                             0x200010e4   Data          40  nonos.o(.bss.g__SlNonOsCB)
    g_pCB                                    0x2000110c   Data           4  driver.o(.bss.g_pCB)
    location                                 0x20001590   Data         100  getweather.o(.bss.location)
    mainDescription                          0x200015f4   Data         100  getweather.o(.bss.mainDescription)
    pIrqEventHandler                         0x20001658   Data           4  board.o(.bss.pIrqEventHandler)
    pPingCallBackFunc                        0x2000165c   Data           4  driver.o(.bss.pPingCallBackFunc)
    systick_count                            0x20001660   Data           4  systick.o(.bss.systick_count)
    __initial_sp                             0x20005668   Data           0  startup_rvmdk.o(STACK)



==============================================================================

Memory Map of the image

  Image Entry point : 0x00000279

  Load Region LR_IROM (Base: 0x00000000, Size: 0x00008270, Max: 0x00040000, ABSOLUTE, COMPRESSED[0x00007c18])

    Execution Region ER_IROM (Exec base: 0x00000000, Load base: 0x00000000, Size: 0x00007bf0, Max: 0x00040000, ABSOLUTE)

    Exec Addr    Load Addr    Size         Type   Attr      Idx    E Section Name        Object

    0x00000000   0x00000000   0x00000294   Code   RO          969  * RESET               startup_rvmdk.o
    0x00000294   0x00000294   0x00000000   Code   RO         1955  * .ARM.Collect$$$$00000000  mc_w.l(entry.o)
    0x00000294   0x00000294   0x00000004   Code   RO         1979    .ARM.Collect$$$$00000001  mc_w.l(entry2.o)
    0x00000298   0x00000298   0x00000004   Code   RO         1982    .ARM.Collect$$$$00000004  mc_w.l(entry5.o)
    0x0000029c   0x0000029c   0x00000000   Code   RO         1984    .ARM.Collect$$$$00000008  mc_w.l(entry7b.o)
    0x0000029c   0x0000029c   0x00000000   Code   RO         1986    .ARM.Collect$$$$0000000A  mc_w.l(entry8b.o)
    0x0000029c   0x0000029c   0x00000008   Code   RO         1987    .ARM.Collect$$$$0000000B  mc_w.l(entry9a.o)
    0x000002a4   0x000002a4   0x00000000   Code   RO         1989    .ARM.Collect$$$$0000000D  mc_w.l(entry10a.o)
    0x000002a4   0x000002a4   0x00000000   Code   RO         1991    .ARM.Collect$$$$0000000F  mc_w.l(entry11a.o)
    0x000002a4   0x000002a4   0x00000004   Code   RO         1980    .ARM.Collect$$$$00002712  mc_w.l(entry2.o)
    0x000002a8   0x000002a8   0x00000026   Code   RO          992    .emb_text           driverlib.lib(cpu.o)
    0x000002ce   0x000002ce   0x00000002   PAD
    0x000002d0   0x000002d0   0x00000006   Code   RO         1550    .emb_text           driverlib.lib(sysctl.o)
    0x000002d6   0x000002d6   0x00000002   PAD
    0x000002d8   0x000002d8   0x00000024   Code   RO         1958    .text               mc_w.l(rand.o)
    0x000002fc   0x000002fc   0x00000024   Code   RO         1961    .text               mc_w.l(memcpya.o)
    0x00000320   0x00000320   0x00000024   Code   RO         1963    .text               mc_w.l(memseta.o)
    0x00000344   0x00000344   0x00000018   Code   RO         1965    .text               mc_w.l(strcat.o)
    0x0000035c   0x0000035c   0x00000024   Code   RO         1967    .text               mc_w.l(strstr.o)
    0x00000380   0x00000380   0x00000014   Code   RO         1969    .text               mc_w.l(strchr.o)
    0x00000394   0x00000394   0x0000000e   Code   RO         1971    .text               mc_w.l(strlen.o)
    0x000003a2   0x000003a2   0x0000001a   Code   RO         1973    .text               mc_w.l(memcmp.o)
    0x000003bc   0x000003bc   0x00000012   Code   RO         1975    .text               mc_w.l(strcpy.o)
    0x000003ce   0x000003ce   0x00000002   PAD
    0x000003d0   0x000003d0   0x00000030   Code   RO         1993    .text               mc_w.l(init.o)
    0x00000400   0x00000400   0x0000003a   Code   RO         2003    .text               mc_w.l(__dczerorl.o)
    0x0000043a   0x0000043a   0x00000002   PAD
    0x0000043c   0x0000043c   0x00000008   Code   RO           14    .text.CC3100_InterruptDisable  board.o
    0x00000444   0x00000444   0x00000008   Code   RO           12    .text.CC3100_InterruptEnable  board.o
    0x0000044c   0x0000044c   0x0000000c   Code   RO            8    .text.CC3100_disable  board.o
    0x00000458   0x00000458   0x00000010   Code   RO           10    .text.CC3100_enable  board.o
    0x00000468   0x00000468   0x00000006   Code   RO          830    .text.Crash         getweather.o
    0x0000046e   0x0000046e   0x0000001e   Code   RO          541    .text.Delay1ms      st7735.o
    0x0000048c   0x0000048c   0x00000004   Code   RO          983    .text.Delay_1ms     systick.o
    0x00000490   0x00000490   0x00000034   Code   RO           22    .text.GPIOB_intHandler  board.o
    0x000004c4   0x000004c4   0x00000044   Code   RO           63    .text.GetStartResponseConvert  device.o
    0x00000508   0x00000508   0x00000058   Code   RO          938    .text.IntEnable     interrupt.o
    0x00000560   0x00000560   0x0000000e   Code   RO          920    .text.IntMasterEnable  interrupt.o
    0x0000056e   0x0000056e   0x00000002   PAD
    0x00000570   0x00000570   0x00000030   Code   RO          924    .text.IntRegister   interrupt.o
    0x000005a0   0x000005a0   0x0000000c   Code   RO           50    .text.LED_GreenOn   led.o
    0x000005ac   0x000005ac   0x0000004c   Code   RO           36    .text.LED_Init      led.o
    0x000005f8   0x000005f8   0x00000010   Code   RO           44    .text.LED_RedToggle  led.o
    0x00000608   0x00000608   0x00000028   Code   RO           83    .text.OUTLINED_FUNCTION_0  device.o
    0x00000630   0x00000630   0x0000001c   Code   RO          148    .text.OUTLINED_FUNCTION_0  driver.o
    0x0000064c   0x0000064c   0x00000014   Code   RO          286    .text.OUTLINED_FUNCTION_0  netapp.o
    0x00000660   0x00000660   0x0000000e   Code   RO          389    .text.OUTLINED_FUNCTION_0  socket.o
    0x0000066e   0x0000066e   0x00000008   Code   RO          426    .text.OUTLINED_FUNCTION_0  spi.o
    0x00000676   0x00000676   0x00000006   Code   RO          474    .text.OUTLINED_FUNCTION_0  wlan.o
    0x0000067c   0x0000067c   0x0000000e   Code   RO          700    .text.OUTLINED_FUNCTION_0  uartstdio.o
    0x0000068a   0x0000068a   0x0000000a   Code   RO          852    .text.OUTLINED_FUNCTION_0  getweather.o
    0x00000694   0x00000694   0x0000000a   Code   RO          893    .text.OUTLINED_FUNCTION_0  displayweather.o
    0x0000069e   0x0000069e   0x00000014   Code   RO          954    .text.OUTLINED_FUNCTION_0  interrupt.o
    0x000006b2   0x000006b2   0x00000010   Code   RO           85    .text.OUTLINED_FUNCTION_1  device.o
    0x000006c2   0x000006c2   0x00000006   Code   RO          150    .text.OUTLINED_FUNCTION_1  driver.o
    0x000006c8   0x000006c8   0x0000000e   Code   RO          288    .text.OUTLINED_FUNCTION_1  netapp.o
    0x000006d6   0x000006d6   0x00000016   Code   RO          391    .text.OUTLINED_FUNCTION_1  socket.o
    0x000006ec   0x000006ec   0x0000000e   Code   RO          639    .text.OUTLINED_FUNCTION_1  st7735.o
    0x000006fa   0x000006fa   0x00000006   Code   RO          854    .text.OUTLINED_FUNCTION_1  getweather.o
    0x00000700   0x00000700   0x00000010   Code   RO          895    .text.OUTLINED_FUNCTION_1  displayweather.o
    0x00000710   0x00000710   0x0000000a   Code   RO          168    .text.OUTLINED_FUNCTION_10  driver.o
    0x0000071a   0x0000071a   0x0000000e   Code   RO          170    .text.OUTLINED_FUNCTION_11  driver.o
    0x00000728   0x00000728   0x00000006   Code   RO          172    .text.OUTLINED_FUNCTION_12  driver.o
    0x0000072e   0x0000072e   0x0000000c   Code   RO          174    .text.OUTLINED_FUNCTION_13  driver.o
    0x0000073a   0x0000073a   0x00000008   Code   RO          176    .text.OUTLINED_FUNCTION_14  driver.o
    0x00000742   0x00000742   0x0000000c   Code   RO          178    .text.OUTLINED_FUNCTION_15  driver.o
    0x0000074e   0x0000074e   0x0000000c   Code   RO          180    .text.OUTLINED_FUNCTION_16  driver.o
    0x0000075a   0x0000075a   0x0000000e   Code   RO          182    .text.OUTLINED_FUNCTION_17  driver.o
    0x00000768   0x00000768   0x0000000a   Code   RO          184    .text.OUTLINED_FUNCTION_18  driver.o
    0x00000772   0x00000772   0x0000000e   Code   RO          186    .text.OUTLINED_FUNCTION_19  driver.o
    0x00000780   0x00000780   0x00000010   Code   RO           87    .text.OUTLINED_FUNCTION_2  device.o
    0x00000790   0x00000790   0x0000001c   Code   RO          152    .text.OUTLINED_FUNCTION_2  driver.o
    0x000007ac   0x000007ac   0x00000006   Code   RO          393    .text.OUTLINED_FUNCTION_2  socket.o
    0x000007b2   0x000007b2   0x00000006   Code   RO          856    .text.OUTLINED_FUNCTION_2  getweather.o
    0x000007b8   0x000007b8   0x0000000a   Code   RO           89    .text.OUTLINED_FUNCTION_3  device.o
    0x000007c2   0x000007c2   0x00000008   Code   RO          154    .text.OUTLINED_FUNCTION_3  driver.o
    0x000007ca   0x000007ca   0x0000000a   Code   RO          395    .text.OUTLINED_FUNCTION_3  socket.o
    0x000007d4   0x000007d4   0x00000018   Code   RO          156    .text.OUTLINED_FUNCTION_4  driver.o
    0x000007ec   0x000007ec   0x0000000a   Code   RO          397    .text.OUTLINED_FUNCTION_4  socket.o
    0x000007f6   0x000007f6   0x0000000a   Code   RO          645    .text.OUTLINED_FUNCTION_4  st7735.o
    0x00000800   0x00000800   0x0000000c   Code   RO          158    .text.OUTLINED_FUNCTION_5  driver.o
    0x0000080c   0x0000080c   0x0000000a   Code   RO          647    .text.OUTLINED_FUNCTION_5  st7735.o
    0x00000816   0x00000816   0x00000016   Code   RO          160    .text.OUTLINED_FUNCTION_6  driver.o
    0x0000082c   0x0000082c   0x00000010   Code   RO          162    .text.OUTLINED_FUNCTION_7  driver.o
    0x0000083c   0x0000083c   0x00000010   Code   RO          164    .text.OUTLINED_FUNCTION_8  driver.o
    0x0000084c   0x0000084c   0x0000000a   Code   RO          166    .text.OUTLINED_FUNCTION_9  driver.o
    0x00000856   0x00000856   0x00000002   PAD
    0x00000858   0x00000858   0x000000e8   Code   RO          581    .text.ST7735_DrawBitmap  st7735.o
    0x00000940   0x00000940   0x000000c0   Code   RO          583    .text.ST7735_DrawCharS  st7735.o
    0x00000a00   0x00000a00   0x00000110   Code   RO          565    .text.ST7735_DrawCircle  st7735.o
    0x00000b10   0x00000b10   0x00000050   Code   RO          573    .text.ST7735_DrawFastHLine  st7735.o
    0x00000b60   0x00000b60   0x0000005c   Code   RO          569    .text.ST7735_DrawFastVLine  st7735.o
    0x00000bbc   0x00000bbc   0x000000a0   Code   RO          571    .text.ST7735_DrawLine  st7735.o
    0x00000c5c   0x00000c5c   0x00000048   Code   RO          559    .text.ST7735_DrawPixel  st7735.o
    0x00000ca4   0x00000ca4   0x00000088   Code   RO          587    .text.ST7735_DrawString  st7735.o
    0x00000d2c   0x00000d2c   0x0000007c   Code   RO          575    .text.ST7735_FillRect  st7735.o
    0x00000da8   0x00000da8   0x00000024   Code   RO          549    .text.ST7735_FillScreen  st7735.o
    0x00000dcc   0x00000dcc   0x00000068   Code   RO          551    .text.ST7735_InitR  st7735.o
    0x00000e34   0x00000e34   0x000000a4   Code   RO          613    .text.ST7735_OutChar  st7735.o
    0x00000ed8   0x00000ed8   0x00000012   Code   RO          615    .text.ST7735_OutString  st7735.o
    0x00000eea   0x00000eea   0x00000002   PAD
    0x00000eec   0x00000eec   0x0000000c   Code   RO          635    .text.ST7735_SetFont  st7735.o
    0x00000ef8   0x00000ef8   0x0000002c   Code   RO          846    .text.SimpleLinkHttpServerCallback  getweather.o
    0x00000f24   0x00000f24   0x0000003c   Code   RO          844    .text.SimpleLinkNetAppEventHandler  getweather.o
    0x00000f60   0x00000f60   0x000000b4   Code   RO          842    .text.SimpleLinkWlanEventHandler  getweather.o
    0x00001014   0x00001014   0x00000078   Code   RO          834    .text.SysTick_Handler  getweather.o
    0x0000108c   0x0000108c   0x00000028   Code   RO          977    .text.SysTick_Init  systick.o
    0x000010b4   0x000010b4   0x0000002c   Code   RO          979    .text.SysTick_Wait  systick.o
    0x000010e0   0x000010e0   0x00000010   Code   RO          822    .text.UART0_InChar  getweather.o
    0x000010f0   0x000010f0   0x00000042   Code   RO          828    .text.UART0_InString  getweather.o
    0x00001132   0x00001132   0x00000002   PAD
    0x00001134   0x00001134   0x000000bc   Code   RO          818    .text.UART0_Init    getweather.o
    0x000011f0   0x000011f0   0x00000012   Code   RO          826    .text.UART0_NextLine  getweather.o
    0x00001202   0x00001202   0x00000002   PAD
    0x00001204   0x00001204   0x0000000c   Code   RO          824    .text.UART0_OutChar  getweather.o
    0x00001210   0x00001210   0x0000000e   Code   RO          762    .text.UARTCharGetNonBlocking  uart.o
    0x0000121e   0x0000121e   0x0000000e   Code   RO          758    .text.UARTCharsAvail  uart.o
    0x0000122c   0x0000122c   0x00000068   Code   RO          678    .text.UARTPrimeTransmit  uartstdio.o
    0x00001294   0x00001294   0x00000118   Code   RO          698    .text.UARTStdioIntHandler  uartstdio.o
    0x000013ac   0x000013ac   0x00000018   Code   RO          820    .text.UART_OutString  getweather.o
    0x000013c4   0x000013c4   0x00000070   Code   RO          676    .text.UARTwrite     uartstdio.o
    0x00001434   0x00001434   0x000001a8   Code   RO          887    .text.UpdateWeather  displayweather.o
    0x000015dc   0x000015dc   0x00000020   Code   RO          889    .text.WeatherIcon_Draw1  displayweather.o
    0x000015fc   0x000015fc   0x00000020   Code   RO          891    .text.WeatherIcon_Draw2  displayweather.o
    0x0000161c   0x0000161c   0x00000218   Code   RO          140    .text._SlAsyncEventGenericHandler  driver.o
    0x00001834   0x00001834   0x00000022   Code   RO          144    .text._SlDrvBasicCmd  driver.o
    0x00001856   0x00001856   0x00000002   PAD
    0x00001858   0x00001858   0x00000084   Code   RO          136    .text._SlDrvClassifyRxMsg  driver.o
    0x000018dc   0x000018dc   0x00000038   Code   RO          116    .text._SlDrvCmdOp   driver.o
    0x00001914   0x00001914   0x00000020   Code   RO          122    .text._SlDrvCmdSend  driver.o
    0x00001934   0x00001934   0x0000010c   Code   RO          124    .text._SlDrvDataReadOp  driver.o
    0x00001a40   0x00001a40   0x000000e8   Code   RO          130    .text._SlDrvDataWriteOp  driver.o
    0x00001b28   0x00001b28   0x0000001a   Code   RO           81    .text._SlDrvDeviceEventHandler  device.o
    0x00001b42   0x00001b42   0x00000002   PAD
    0x00001b44   0x00001b44   0x00000060   Code   RO          108    .text._SlDrvDriverCBDeinit  driver.o
    0x00001ba4   0x00001ba4   0x00000078   Code   RO          104    .text._SlDrvDriverCBInit  driver.o
    0x00001c1c   0x00001c1c   0x00000028   Code   RO          204    .text._SlDrvFlowContDeinit  flowcont.o
    0x00001c44   0x00001c44   0x0000002c   Code   RO          202    .text._SlDrvFlowContInit  flowcont.o
    0x00001c70   0x00001c70   0x00000314   Code   RO          132    .text._SlDrvMsgRead  driver.o
    0x00001f84   0x00001f84   0x00000098   Code   RO          120    .text._SlDrvMsgReadCmdCtx  driver.o
    0x0000201c   0x0000201c   0x0000007c   Code   RO          114    .text._SlDrvMsgReadSpawnCtx  driver.o
    0x00002098   0x00002098   0x000000d4   Code   RO          118    .text._SlDrvMsgWrite  driver.o
    0x0000216c   0x0000216c   0x000000d0   Code   RO          284    .text._SlDrvNetAppEventHandler  netapp.o
    0x0000223c   0x0000223c   0x00000034   Code   RO          106    .text._SlDrvObjInit  driver.o
    0x00002270   0x00002270   0x000000e0   Code   RO          128    .text._SlDrvReleasePoolObj  driver.o
    0x00002350   0x00002350   0x00000134   Code   RO          134    .text._SlDrvRxHdrRead  driver.o
    0x00002484   0x00002484   0x00000038   Code   RO          112    .text._SlDrvRxIrqHandler  driver.o
    0x000024bc   0x000024bc   0x00000016   Code   RO          142    .text._SlDrvShiftDWord  driver.o
    0x000024d2   0x000024d2   0x00000002   PAD
    0x000024d4   0x000024d4   0x000000e4   Code   RO          126    .text._SlDrvWaitForPoolObj  driver.o
    0x000025b8   0x000025b8   0x00000098   Code   RO          138    .text._SlFindAndSetActiveObj  driver.o
    0x00002650   0x00002650   0x00000038   Code   RO          326    .text._SlNonOsMainLoopTask  nonos.o
    0x00002688   0x00002688   0x00000030   Code   RO          324    .text._SlNonOsSemGet  nonos.o
    0x000026b8   0x000026b8   0x00000006   Code   RO          322    .text._SlNonOsSemSet  nonos.o
    0x000026be   0x000026be   0x00000002   PAD
    0x000026c0   0x000026c0   0x00000020   Code   RO          328    .text._SlNonOsSpawn  nonos.o
    0x000026e0   0x000026e0   0x00000044   Code   RO          146    .text._SlRemoveFromList  driver.o
    0x00002724   0x00002724   0x00000026   Code   RO          339    .text._sl_BuildAddress  socket.o
    0x0000274a   0x0000274a   0x00000002   PAD
    0x0000274c   0x0000274c   0x00000048   Code   RO          369    .text._sl_HandleAsync_Accept  socket.o
    0x00002794   0x00002794   0x00000048   Code   RO          357    .text._sl_HandleAsync_Connect  socket.o
    0x000027dc   0x000027dc   0x0000005c   Code   RO          270    .text._sl_HandleAsync_DnsGetHostByName  netapp.o
    0x00002838   0x00002838   0x00000058   Code   RO          264    .text._sl_HandleAsync_DnsGetHostByService  netapp.o
    0x00002890   0x00002890   0x00000044   Code   RO           67    .text._sl_HandleAsync_InitComplete  device.o
    0x000028d4   0x000028d4   0x00000070   Code   RO          274    .text._sl_HandleAsync_PingResponse  netapp.o
    0x00002944   0x00002944   0x00000038   Code   RO          387    .text._sl_HandleAsync_Select  socket.o
    0x0000297c   0x0000297c   0x00000024   Code   RO           69    .text._sl_HandleAsync_Stop  device.o
    0x000029a0   0x000029a0   0x0000004c   Code   RO          341    .text._sl_TruncatePayloadByProtocol  socket.o
    0x000029ec   0x000029ec   0x0000004a   Code   RO          553    .text.commandList   st7735.o
    0x00002a36   0x00002a36   0x00000002   PAD
    0x00002a38   0x00002a38   0x00000128   Code   RO          545    .text.commonInit    st7735.o
    0x00002b60   0x00002b60   0x0000070c   Code   RO          836    .text.getWeather    getweather.o
    0x0000326c   0x0000326c   0x00000018   Code   RO            2    .text.initClk       board.o
    0x00003284   0x00003284   0x0000023c   Code   RO          832    .text.main          getweather.o
    0x000034c0   0x000034c0   0x00000014   Code   RO          563    .text.pushColor     st7735.o
    0x000034d4   0x000034d4   0x0000000c   Code   RO            6    .text.registerInterruptHandler  board.o
    0x000034e0   0x000034e0   0x0000006c   Code   RO          561    .text.setAddrWindow  st7735.o
    0x0000354c   0x0000354c   0x0000001c   Code   RO          347    .text.sl_Close      socket.o
    0x00003568   0x00003568   0x000000dc   Code   RO          355    .text.sl_Connect    socket.o
    0x00003644   0x00003644   0x0000006c   Code   RO           77    .text.sl_DevGet     device.o
    0x000036b0   0x000036b0   0x00000004   Code   RO          365    .text.sl_Htonl      socket.o
    0x000036b4   0x000036b4   0x00000004   Code   RO          367    .text.sl_Htons      socket.o
    0x000036b8   0x000036b8   0x000000d8   Code   RO          268    .text.sl_NetAppDnsGetHostByName  netapp.o
    0x00003790   0x00003790   0x00000084   Code   RO          256    .text.sl_NetAppMDNSRegisterUnregisterService  netapp.o
    0x00003814   0x00003814   0x00000014   Code   RO          260    .text.sl_NetAppMDNSUnRegisterService  netapp.o
    0x00003828   0x00003828   0x0000004c   Code   RO          280    .text.sl_NetAppSendTokenValue  netapp.o
    0x00003874   0x00003874   0x0000003c   Code   RO          308    .text.sl_NetCfgSet  netcfg.o
    0x000038b0   0x000038b0   0x00000040   Code   RO          371    .text.sl_Recv       socket.o
    0x000038f0   0x000038f0   0x0000009c   Code   RO          359    .text.sl_Send       socket.o
    0x0000398c   0x0000398c   0x00000030   Code   RO          345    .text.sl_Socket     socket.o
    0x000039bc   0x000039bc   0x000000a8   Code   RO           65    .text.sl_Start      device.o
    0x00003a64   0x00003a64   0x000000bc   Code   RO           71    .text.sl_Stop       device.o
    0x00003b20   0x00003b20   0x00000184   Code   RO          436    .text.sl_WlanConnect  wlan.o
    0x00003ca4   0x00003ca4   0x00000008   Code   RO          438    .text.sl_WlanDisconnect  wlan.o
    0x00003cac   0x00003cac   0x00000038   Code   RO          440    .text.sl_WlanPolicySet  wlan.o
    0x00003ce4   0x00003ce4   0x0000001c   Code   RO          448    .text.sl_WlanProfileDel  wlan.o
    0x00003d00   0x00003d00   0x0000003c   Code   RO          470    .text.sl_WlanSet    wlan.o
    0x00003d3c   0x00003d3c   0x0000001c   Code   RO          468    .text.sl_WlanSetMode  wlan.o
    0x00003d58   0x00003d58   0x0000000a   Code   RO          418    .text.spi_Close     spi.o
    0x00003d62   0x00003d62   0x00000002   PAD
    0x00003d64   0x00003d64   0x000000e0   Code   RO          420    .text.spi_Open      spi.o
    0x00003e44   0x00003e44   0x0000004c   Code   RO          424    .text.spi_Read      spi.o
    0x00003e90   0x00003e90   0x0000004c   Code   RO          422    .text.spi_Write     spi.o
    0x00003edc   0x00003edc   0x00000018   Code   RO          555    .text.writecommand  st7735.o
    0x00003ef4   0x00003ef4   0x0000001c   Code   RO          557    .text.writedata     st7735.o
    0x00003f10   0x00003f10   0x00000010   Code   RO         1010    i.FPUEnable         driverlib.lib(fpu.o)
    0x00003f20   0x00003f20   0x00000010   Code   RO         1013    i.FPULazyStackingEnable  driverlib.lib(fpu.o)
    0x00003f30   0x00003f30   0x00000028   Code   RO         1083    i.GPIODirModeSet    driverlib.lib(gpio.o)
    0x00003f58   0x00003f58   0x00000006   Code   RO         1084    i.GPIOIntClear      driverlib.lib(gpio.o)
    0x00003f5e   0x00003f5e   0x0000000e   Code   RO         1085    i.GPIOIntDisable    driverlib.lib(gpio.o)
    0x00003f6c   0x00003f6c   0x0000000e   Code   RO         1086    i.GPIOIntEnable     driverlib.lib(gpio.o)
    0x00003f7a   0x00003f7a   0x0000000e   Code   RO         1088    i.GPIOIntStatus     driverlib.lib(gpio.o)
    0x00003f88   0x00003f88   0x00000050   Code   RO         1090    i.GPIOIntTypeSet    driverlib.lib(gpio.o)
    0x00003fd8   0x00003fd8   0x0000013a   Code   RO         1093    i.GPIOPadConfigSet  driverlib.lib(gpio.o)
    0x00004112   0x00004112   0x00000002   PAD
    0x00004114   0x00004114   0x00000048   Code   RO         1094    i.GPIOPinConfigure  driverlib.lib(gpio.o)
    0x0000415c   0x0000415c   0x0000001c   Code   RO         1103    i.GPIOPinTypeGPIOInput  driverlib.lib(gpio.o)
    0x00004178   0x00004178   0x0000001c   Code   RO         1104    i.GPIOPinTypeGPIOOutput  driverlib.lib(gpio.o)
    0x00004194   0x00004194   0x0000001c   Code   RO         1117    i.GPIOPinTypeSSI    driverlib.lib(gpio.o)
    0x000041b0   0x000041b0   0x00000006   Code   RO         1125    i.GPIOPinWrite      driverlib.lib(gpio.o)
    0x000041b6   0x000041b6   0x0000004a   Code   RO         1406    i.SSIConfigSetExpClk  driverlib.lib(ssi.o)
    0x00004200   0x00004200   0x00000014   Code   RO         1410    i.SSIDataGetNonBlocking  driverlib.lib(ssi.o)
    0x00004214   0x00004214   0x00000010   Code   RO         1412    i.SSIDataPutNonBlocking  driverlib.lib(ssi.o)
    0x00004224   0x00004224   0x0000000a   Code   RO         1414    i.SSIEnable         driverlib.lib(ssi.o)
    0x0000422e   0x0000422e   0x00000002   PAD
    0x00004230   0x00004230   0x00000164   Code   RO         1553    i.SysCtlClockGet    driverlib.lib(sysctl.o)
    0x00004394   0x00004394   0x00000120   Code   RO         1555    i.SysCtlClockSet    driverlib.lib(sysctl.o)
    0x000044b4   0x000044b4   0x00000028   Code   RO         1584    i.SysCtlPeripheralEnable  driverlib.lib(sysctl.o)
    0x000044dc   0x000044dc   0x0000000e   Code   RO         1894    i.SysTickIntDisable  driverlib.lib(systick.o)
    0x000044ea   0x000044ea   0x0000000e   Code   RO         1895    i.SysTickIntEnable  driverlib.lib(systick.o)
    0x000044f8   0x000044f8   0x00000018   Code   RO         1896    i.SysTickIntRegister  driverlib.lib(systick.o)
    0x00004510   0x00004510   0x00000008   Code   RO         1900    i.SysTickValueGet   driverlib.lib(systick.o)
    0x00004518   0x00004518   0x0000000e   Code   RO         1997    i.__scatterload_copy  mc_w.l(handlers.o)
    0x00004526   0x00004526   0x00000002   Code   RO         1998    i.__scatterload_null  mc_w.l(handlers.o)
    0x00004528   0x00004528   0x0000000e   Code   RO         1999    i.__scatterload_zeroinit  mc_w.l(handlers.o)
    0x00004536   0x00004536   0x00000002   PAD
    0x00004538   0x00004538   0x00000210   Data   RO         1126    .constdata          driverlib.lib(gpio.o)
    0x00004748   0x00004748   0x000001c4   Data   RO         1605    .constdata          driverlib.lib(sysctl.o)
    0x0000490c   0x0000490c   0x000004fb   Data   RO          650    .rodata.Font        st7735.o
    0x00004e07   0x00004e07   0x00000514   Data   RO          651    .rodata.Font_Bold   st7735.o
    0x0000531b   0x0000531b   0x000004fb   Data   RO          652    .rodata.Font_Thin   st7735.o
    0x00005816   0x00005816   0x0000003b   Data   RO          656    .rodata.Rcmd1       st7735.o
    0x00005851   0x00005851   0x0000000d   Data   RO          657    .rodata.Rcmd2green  st7735.o
    0x0000585e   0x0000585e   0x0000000d   Data   RO          658    .rodata.Rcmd2red    st7735.o
    0x0000586b   0x0000586b   0x0000002b   Data   RO          659    .rodata.Rcmd3       st7735.o
    0x00005896   0x00005896   0x00000002   PAD
    0x00005898   0x00005898   0x00000038   Data   RO          192    .rodata._SlActionLookupTable  driver.o
    0x000058d0   0x000058d0   0x00000004   Data   RO           94    .rodata._SlDeviceGetCmdCtrl  device.o
    0x000058d4   0x000058d4   0x00000004   Data   RO          295    .rodata._SlGetHostByNameCtrl  netapp.o
    0x000058d8   0x000058d8   0x00000004   Data   RO          297    .rodata._SlNetAppSendTokenValueCmdCtrl  netapp.o
    0x000058dc   0x000058dc   0x00000004   Data   RO          312    .rodata._SlNetCfgSetCmdCtrl  netcfg.o
    0x000058e0   0x000058e0   0x00000004   Data   RO          476    .rodata._SlPolicySetCmdCtrl  wlan.o
    0x000058e4   0x000058e4   0x00000004   Data   RO          479    .rodata._SlProfileDelCmdCtrl  wlan.o
    0x000058e8   0x000058e8   0x00000004   Data   RO          405    .rodata._SlRecvCmdCtrl  socket.o
    0x000058ec   0x000058ec   0x00000004   Data   RO          293    .rodata._SlRegisterServiceCtrl  netapp.o
    0x000058f0   0x000058f0   0x00000004   Data   RO          402    .rodata._SlSendCmdCtrl  socket.o
    0x000058f4   0x000058f4   0x00000004   Data   RO          400    .rodata._SlSockCloseCmdCtrl  socket.o
    0x000058f8   0x000058f8   0x00000004   Data   RO          399    .rodata._SlSockSocketCmdCtrl  socket.o
    0x000058fc   0x000058fc   0x00000004   Data   RO           91    .rodata._SlStopCmdCtrl  device.o
    0x00005900   0x00005900   0x00000004   Data   RO          486    .rodata._SlWlanCfgSetCmdCtrl  wlan.o
    0x00005904   0x00005904   0x00000004   Data   RO          485    .rodata._SlWlanSetModeCmdCtrl  wlan.o
    0x00005908   0x00005908   0x00000548   Data   RO          904    .rodata.cloud1      displayweather.o
    0x00005e50   0x00005e50   0x00000548   Data   RO          903    .rodata.cloud2      displayweather.o
    0x00006398   0x00006398   0x00000008   Data   RO          191    .rodata.g_H2NCnysPattern  driver.o
    0x000063a0   0x000063a0   0x00000008   Data   RO          190    .rodata.g_H2NSyncPattern  driver.o
    0x000063a8   0x000063a8   0x00000014   Data   RO          959    .rodata.g_pui32EnRegs  interrupt.o
    0x000063bc   0x000063bc   0x0000000c   Data   RO          702    .rodata.g_ui32UARTInt  uartstdio.o
    0x000063c8   0x000063c8   0x00000548   Data   RO          902    .rodata.rain1       displayweather.o
    0x00006910   0x00006910   0x00000548   Data   RO          901    .rodata.rain2       displayweather.o
    0x00006e58   0x00006e58   0x00000237   Data   RO          864    .rodata.str1.1      getweather.o
    0x0000708f   0x0000708f   0x00000001   PAD
    0x00007090   0x00007090   0x000000af   Data   RO          865    .rodata.str1.4      getweather.o
    0x0000713f   0x0000713f   0x00000001   PAD
    0x00007140   0x00007140   0x00000548   Data   RO          905    .rodata.sun1        displayweather.o
    0x00007688   0x00007688   0x00000548   Data   RO          906    .rodata.sun2        displayweather.o
    0x00007bd0   0x00007bd0   0x00000020   Data   RO         1996    Region$$Table       anon$$obj.o


    Execution Region RW_IRAM (Exec base: 0x20000000, Load base: 0x00007c00, Size: 0x00005668, Max: 0x00008000, ABSOLUTE, COMPRESSED[0x00000018])

    Exec Addr    Load Addr    Size         Type   Attr      Idx    E Section Name        Object

    0x20000000   COMPRESSED   0x00000004   Data   RW         1959    .data               mc_w.l(rand.o)
    0x20000004   COMPRESSED   0x00000002   Data   RW          911    .data..L_MergedGlobals  displayweather.o
    0x20000006   COMPRESSED   0x00000002   Data   RW          649    .data.StTextColor   st7735.o
    0x20000008   COMPRESSED   0x00000004   Data   RW          654    .data.currentFont   st7735.o
    0x2000000c   COMPRESSED   0x000003f4   PAD
    0x20000400   COMPRESSED   0x0000026c   Data   RW          956    vtable              interrupt.o
    0x2000066c   COMPRESSED   0x00000004   PAD
    0x20000670        -       0x00000034   Zero   RW          661    .bss..L_MergedGlobals  st7735.o
    0x200006a4        -       0x0000001c   Zero   RW          705    .bss..L_MergedGlobals  uartstdio.o
    0x200006c0        -       0x00000068   Zero   RW          878    .bss..L_MergedGlobals  getweather.o
    0x20000728        -       0x00000064   Zero   RW          868    .bss.City           getweather.o
    0x2000078c        -       0x00000064   Zero   RW          872    .bss.Humidity       getweather.o
    0x200007f0        -       0x00000064   Zero   RW          871    .bss.MaxTemperature  getweather.o
    0x20000854        -       0x00000064   Zero   RW          870    .bss.MinTemperature  getweather.o
    0x200008b8        -       0x00000400   Zero   RW          867    .bss.Recvbuff       getweather.o
    0x20000cb8        -       0x00000200   Zero   RW          866    .bss.SendBuff       getweather.o
    0x20000eb8        -       0x00000064   Zero   RW          869    .bss.Temperature    getweather.o
    0x20000f1c        -       0x00000064   Zero   RW          873    .bss.Weather        getweather.o
    0x20000f80        -       0x00000164   Zero   RW          193    .bss.g_StatMem      driver.o
    0x200010e4        -       0x00000028   Zero   RW          330    .bss.g__SlNonOsCB   nonos.o
    0x2000110c        -       0x00000004   Zero   RW          188    .bss.g_pCB          driver.o
    0x20001110        -       0x00000080   Zero   RW          704    .bss.g_pcUARTRxBuffer  uartstdio.o
    0x20001190        -       0x00000400   Zero   RW          703    .bss.g_pcUARTTxBuffer  uartstdio.o
    0x20001590        -       0x00000064   Zero   RW          863    .bss.location       getweather.o
    0x200015f4        -       0x00000064   Zero   RW          874    .bss.mainDescription  getweather.o
    0x20001658        -       0x00000004   Zero   RW           26    .bss.pIrqEventHandler  board.o
    0x2000165c        -       0x00000004   Zero   RW          189    .bss.pPingCallBackFunc  driver.o
    0x20001660        -       0x00000004   Zero   RW          985    .bss.systick_count  systick.o
    0x20001664   COMPRESSED   0x00000004   PAD
    0x20001668        -       0x00004000   Zero   RW          967    STACK               startup_rvmdk.o


==============================================================================

Image component sizes


      Code (inc. data)   RO Data    RW Data    ZI Data      Debug   Object Name

       132         20          0          0          4       2572   board.o
       744         40          8          0          0       8261   device.o
       514        132       8112          2          0       2756   displayweather.o
      4174         98         72          0        364      23888   driver.o
        84          4          0          0          0        966   flowcont.o
      3132        684        742          0       2440      14107   getweather.o
       170         20         20        620          0       4961   interrupt.o
       104         24          0          0          0       1269   led.o
       978         28         12          0          0      16899   netapp.o
        60          4          4          0          0       2520   netcfg.o
       142          4          0          0         40       2246   nonos.o
       900         64         16          0          0      18550   socket.o
       394         32          0          0          0       1885   spi.o
      2308        140       3978          6         52      18151   st7735.o
       660        620          0          0      16384        492   startup_rvmdk.o
        88          8          0          0          4       1023   systick.o
        28          0          0          0          0       9408   uart.o
       510         36         12          0       1180       8854   uartstdio.o
       574         20         16          0          0      17296   wlan.o

    ----------------------------------------------------------------------
     15720       1978      13028       1640      20476     156104   Object Totals
         0          0         32          0          0          0   (incl. Generated)
        24          0          4       1012          8          0   (incl. Padding)

    ----------------------------------------------------------------------

      Code (inc. data)   RO Data    RW Data    ZI Data      Debug   Library Member Name

        38          0          0          0          0       4716   cpu.o
        32          8          0          0          0        780   fpu.o
       644          8        528          0          0       6811   gpio.o
       120          0          0          0          0       2749   ssi.o
       690         64        452          0          0       3951   sysctl.o
        60          0          0          0          0       1694   systick.o
        58          0          0          0          0          0   __dczerorl.o
         0          0          0          0          0          0   entry.o
         0          0          0          0          0          0   entry10a.o
         0          0          0          0          0          0   entry11a.o
         8          4          0          0          0          0   entry2.o
         4          0          0          0          0          0   entry5.o
         0          0          0          0          0          0   entry7b.o
         0          0          0          0          0          0   entry8b.o
         8          4          0          0          0          0   entry9a.o
        30          0          0          0          0          0   handlers.o
        48         10          0          0          0         68   init.o
        26          0          0          0          0         80   memcmp.o
        36          0          0          0          0         68   memcpya.o
        36          0          0          0          0        108   memseta.o
        36         10          0          4          0        136   rand.o
        24          0          0          0          0         68   strcat.o
        20          0          0          0          0         68   strchr.o
        18          0          0          0          0         68   strcpy.o
        14          0          0          0          0         68   strlen.o
        36          0          0          0          0         80   strstr.o

    ----------------------------------------------------------------------
      2000        108        980          4          0      21513   Library Totals
        14          0          0          0          0          0   (incl. Padding)

    ----------------------------------------------------------------------

      Code (inc. data)   RO Data    RW Data    ZI Data      Debug   Library Name

      1584         80        980          0          0      20701   driverlib.lib
       402         28          0          4          0        812   mc_w.l

    ----------------------------------------------------------------------
      2000        108        980          4          0      21513   Library Totals

    ----------------------------------------------------------------------

==============================================================================


      Code (inc. data)   RO Data    RW Data    ZI Data      Debug   

     17720       2086      14008       1644      20476     175097   Grand Totals
     17720       2086      14008         24      20476     175097   ELF Image Totals (compressed)
     17720       2086      14008         24          0          0   ROM Totals

==============================================================================

    Total RO  Size (Code + RO Data)                31728 (  30.98kB)
    Total RW  Size (RW Data + ZI Data)             22120 (  21.60kB)
    Total ROM Size (Code + RO Data + RW Data)      31752 (  31.01kB)

==============================================================================

